Archive member included to satisfy reference by file (symbol)

c:/Users/jc/AppData/Roaming/Code/User/globalStorage/bmd.stm32-for-vscode/@xpack-dev-tools/arm-none-eabi-gcc/14.2.1-1.1.1/.content/bin/../lib/gcc/arm-none-eabi/14.2.1/../../../../arm-none-eabi/lib/thumb/v7-m/nofp\libc_nano.a(libc_a-atexit.o)
                              c:/Users/jc/AppData/Roaming/Code/User/globalStorage/bmd.stm32-for-vscode/@xpack-dev-tools/arm-none-eabi-gcc/14.2.1-1.1.1/.content/bin/../lib/gcc/arm-none-eabi/14.2.1/../../../../arm-none-eabi/lib/thumb/v7-m/nofp/crt0.o (atexit)
c:/Users/jc/AppData/Roaming/Code/User/globalStorage/bmd.stm32-for-vscode/@xpack-dev-tools/arm-none-eabi-gcc/14.2.1-1.1.1/.content/bin/../lib/gcc/arm-none-eabi/14.2.1/../../../../arm-none-eabi/lib/thumb/v7-m/nofp\libc_nano.a(libc_a-exit.o)
                              c:/Users/jc/AppData/Roaming/Code/User/globalStorage/bmd.stm32-for-vscode/@xpack-dev-tools/arm-none-eabi-gcc/14.2.1-1.1.1/.content/bin/../lib/gcc/arm-none-eabi/14.2.1/../../../../arm-none-eabi/lib/thumb/v7-m/nofp/crt0.o (exit)
c:/Users/jc/AppData/Roaming/Code/User/globalStorage/bmd.stm32-for-vscode/@xpack-dev-tools/arm-none-eabi-gcc/14.2.1-1.1.1/.content/bin/../lib/gcc/arm-none-eabi/14.2.1/../../../../arm-none-eabi/lib/thumb/v7-m/nofp\libc_nano.a(libc_a-findfp.o)
                              c:/Users/jc/AppData/Roaming/Code/User/globalStorage/bmd.stm32-for-vscode/@xpack-dev-tools/arm-none-eabi-gcc/14.2.1-1.1.1/.content/bin/../lib/gcc/arm-none-eabi/14.2.1/../../../../arm-none-eabi/lib/thumb/v7-m/nofp\libc_nano.a(libc_a-exit.o) (__stdio_exit_handler)
c:/Users/jc/AppData/Roaming/Code/User/globalStorage/bmd.stm32-for-vscode/@xpack-dev-tools/arm-none-eabi-gcc/14.2.1-1.1.1/.content/bin/../lib/gcc/arm-none-eabi/14.2.1/../../../../arm-none-eabi/lib/thumb/v7-m/nofp\libc_nano.a(libc_a-fwalk.o)
                              c:/Users/jc/AppData/Roaming/Code/User/globalStorage/bmd.stm32-for-vscode/@xpack-dev-tools/arm-none-eabi-gcc/14.2.1-1.1.1/.content/bin/../lib/gcc/arm-none-eabi/14.2.1/../../../../arm-none-eabi/lib/thumb/v7-m/nofp\libc_nano.a(libc_a-findfp.o) (_fwalk_sglue)
c:/Users/jc/AppData/Roaming/Code/User/globalStorage/bmd.stm32-for-vscode/@xpack-dev-tools/arm-none-eabi-gcc/14.2.1-1.1.1/.content/bin/../lib/gcc/arm-none-eabi/14.2.1/../../../../arm-none-eabi/lib/thumb/v7-m/nofp\libc_nano.a(libc_a-stdio.o)
                              c:/Users/jc/AppData/Roaming/Code/User/globalStorage/bmd.stm32-for-vscode/@xpack-dev-tools/arm-none-eabi-gcc/14.2.1-1.1.1/.content/bin/../lib/gcc/arm-none-eabi/14.2.1/../../../../arm-none-eabi/lib/thumb/v7-m/nofp\libc_nano.a(libc_a-findfp.o) (__sread)
c:/Users/jc/AppData/Roaming/Code/User/globalStorage/bmd.stm32-for-vscode/@xpack-dev-tools/arm-none-eabi-gcc/14.2.1-1.1.1/.content/bin/../lib/gcc/arm-none-eabi/14.2.1/../../../../arm-none-eabi/lib/thumb/v7-m/nofp\libc_nano.a(libc_a-memset.o)
                              c:/Users/jc/AppData/Roaming/Code/User/globalStorage/bmd.stm32-for-vscode/@xpack-dev-tools/arm-none-eabi-gcc/14.2.1-1.1.1/.content/bin/../lib/gcc/arm-none-eabi/14.2.1/../../../../arm-none-eabi/lib/thumb/v7-m/nofp/crt0.o (memset)
c:/Users/jc/AppData/Roaming/Code/User/globalStorage/bmd.stm32-for-vscode/@xpack-dev-tools/arm-none-eabi-gcc/14.2.1-1.1.1/.content/bin/../lib/gcc/arm-none-eabi/14.2.1/../../../../arm-none-eabi/lib/thumb/v7-m/nofp\libc_nano.a(libc_a-closer.o)
                              c:/Users/jc/AppData/Roaming/Code/User/globalStorage/bmd.stm32-for-vscode/@xpack-dev-tools/arm-none-eabi-gcc/14.2.1-1.1.1/.content/bin/../lib/gcc/arm-none-eabi/14.2.1/../../../../arm-none-eabi/lib/thumb/v7-m/nofp\libc_nano.a(libc_a-stdio.o) (_close_r)
c:/Users/jc/AppData/Roaming/Code/User/globalStorage/bmd.stm32-for-vscode/@xpack-dev-tools/arm-none-eabi-gcc/14.2.1-1.1.1/.content/bin/../lib/gcc/arm-none-eabi/14.2.1/../../../../arm-none-eabi/lib/thumb/v7-m/nofp\libc_nano.a(libc_a-reent.o)
                              c:/Users/jc/AppData/Roaming/Code/User/globalStorage/bmd.stm32-for-vscode/@xpack-dev-tools/arm-none-eabi-gcc/14.2.1-1.1.1/.content/bin/../lib/gcc/arm-none-eabi/14.2.1/../../../../arm-none-eabi/lib/thumb/v7-m/nofp\libc_nano.a(libc_a-closer.o) (errno)
c:/Users/jc/AppData/Roaming/Code/User/globalStorage/bmd.stm32-for-vscode/@xpack-dev-tools/arm-none-eabi-gcc/14.2.1-1.1.1/.content/bin/../lib/gcc/arm-none-eabi/14.2.1/../../../../arm-none-eabi/lib/thumb/v7-m/nofp\libc_nano.a(libc_a-impure.o)
                              c:/Users/jc/AppData/Roaming/Code/User/globalStorage/bmd.stm32-for-vscode/@xpack-dev-tools/arm-none-eabi-gcc/14.2.1-1.1.1/.content/bin/../lib/gcc/arm-none-eabi/14.2.1/../../../../arm-none-eabi/lib/thumb/v7-m/nofp\libc_nano.a(libc_a-reent.o) (_impure_ptr)
c:/Users/jc/AppData/Roaming/Code/User/globalStorage/bmd.stm32-for-vscode/@xpack-dev-tools/arm-none-eabi-gcc/14.2.1-1.1.1/.content/bin/../lib/gcc/arm-none-eabi/14.2.1/../../../../arm-none-eabi/lib/thumb/v7-m/nofp\libc_nano.a(libc_a-lseekr.o)
[...]
Memory Configuration

Name             Origin             Length             Attributes
RAM              0x20000000         0x00005000         xrw
FLASH            0x08000000         0x00010000         xr
*default*        0x00000000         0xffffffff

Linker script and memory map

LOAD c:/Users/jc/AppData/Roaming/Code/User/globalStorage/bmd.stm32-for-vscode/@xpack-dev-tools/arm-none-eabi-gcc/14.2.1-1.1.1/.content/bin/../lib/gcc/arm-none-eabi/14.2.1/thumb/v7-m/nofp/crti.o
LOAD c:/Users/jc/AppData/Roaming/Code/User/globalStorage/bmd.stm32-for-vscode/@xpack-dev-tools/arm-none-eabi-gcc/14.2.1-1.1.1/.content/bin/../lib/gcc/arm-none-eabi/14.2.1/thumb/v7-m/nofp/crtbegin.o
LOAD c:/Users/jc/AppData/Roaming/Code/User/globalStorage/bmd.stm32-for-vscode/@xpack-dev-tools/arm-none-eabi-gcc/14.2.1-1.1.1/.content/bin/../lib/gcc/arm-none-eabi/14.2.1/../../../../arm-none-eabi/lib/thumb/v7-m/nofp/crt0.o
LOAD build/debug/main.o
LOAD build/debug/stm32f1xx_hal.o
LOAD build/debug/stm32f1xx_hal_cortex.o
LOAD build/debug/stm32f1xx_hal_dma.o
LOAD build/debug/stm32f1xx_hal_exti.o
LOAD build/debug/stm32f1xx_hal_flash.o
LOAD build/debug/stm32f1xx_hal_flash_ex.o
LOAD build/debug/stm32f1xx_hal_gpio.o
LOAD build/debug/stm32f1xx_hal_gpio_ex.o
LOAD build/debug/stm32f1xx_hal_msp.o
LOAD build/debug/stm32f1xx_hal_pcd.o
LOAD build/debug/stm32f1xx_hal_pcd_ex.o
LOAD build/debug/stm32f1xx_hal_pwr.o
LOAD build/debug/stm32f1xx_hal_rcc.o
LOAD build/debug/stm32f1xx_hal_rcc_ex.o
LOAD build/debug/stm32f1xx_it.o
LOAD build/debug/stm32f1xx_ll_usb.o
LOAD build/debug/syscalls.o
LOAD build/debug/sysmem.o
LOAD build/debug/system_stm32f1xx.o
LOAD build/debug/startup_stm32f103xb.o
LOAD c:/Users/jc/AppData/Roaming/Code/User/globalStorage/bmd.stm32-for-vscode/@xpack-dev-tools/arm-none-eabi-gcc/14.2.1-1.1.1/.content/bin/../lib/gcc/arm-none-eabi/14.2.1/../../../../arm-none-eabi/lib/thumb/v7-m/nofp\libc_nano.a
LOAD c:/Users/jc/AppData/Roaming/Code/User/globalStorage/bmd.stm32-for-vscode/@xpack-dev-tools/arm-none-eabi-gcc/14.2.1-1.1.1/.content/bin/../lib/gcc/arm-none-eabi/14.2.1/../../../../arm-none-eabi/lib/thumb/v7-m/nofp\libm.a
LOAD c:/Users/jc/AppData/Roaming/Code/User/globalStorage/bmd.stm32-for-vscode/@xpack-dev-tools/arm-none-eabi-gcc/14.2.1-1.1.1/.content/bin/../lib/gcc/arm-none-eabi/14.2.1/../../../../arm-none-eabi/lib/thumb/v7-m/nofp\libnosys.a
START GROUP
LOAD c:/Users/jc/AppData/Roaming/Code/User/globalStorage/bmd.stm32-for-vscode/@xpack-dev-tools/arm-none-eabi-gcc/14.2.1-1.1.1/.content/bin/../lib/gcc/arm-none-eabi/14.2.1/thumb/v7-m/nofp\libgcc.a
LOAD c:/Users/jc/AppData/Roaming/Code/User/globalStorage/bmd.stm32-for-vscode/@xpack-dev-tools/arm-none-eabi-gcc/14.2.1-1.1.1/.content/bin/../lib/gcc/arm-none-eabi/14.2.1/../../../../arm-none-eabi/lib/thumb/v7-m/nofp\libc_nano.a
END GROUP
START GROUP
LOAD c:/Users/jc/AppData/Roaming/Code/User/globalStorage/bmd.stm32-for-vscode/@xpack-dev-tools/arm-none-eabi-gcc/14.2.1-1.1.1/.content/bin/../lib/gcc/arm-none-eabi/14.2.1/thumb/v7-m/nofp\libgcc.a
LOAD c:/Users/jc/AppData/Roaming/Code/User/globalStorage/bmd.stm32-for-vscode/@xpack-dev-tools/arm-none-eabi-gcc/14.2.1-1.1.1/.content/bin/../lib/gcc/arm-none-eabi/14.2.1/../../../../arm-none-eabi/lib/thumb/v7-m/nofp\libc_nano.a
END GROUP
LOAD c:/Users/jc/AppData/Roaming/Code/User/globalStorage/bmd.stm32-for-vscode/@xpack-dev-tools/arm-none-eabi-gcc/14.2.1-1.1.1/.content/bin/../lib/gcc/arm-none-eabi/14.2.1/thumb/v7-m/nofp/crtend.o
LOAD c:/Users/jc/AppData/Roaming/Code/User/globalStorage/bmd.stm32-for-vscode/@xpack-dev-tools/arm-none-eabi-gcc/14.2.1-1.1.1/.content/bin/../lib/gcc/arm-none-eabi/14.2.1/thumb/v7-m/nofp/crtn.o
                0x20005000                        _estack = (ORIGIN (RAM) + LENGTH (RAM))
                0x00000200                        _Min_Heap_Size = 0x200
                0x00000400                        _Min_Stack_Size = 0x400

.isr_vector     0x08000000      0x10c
                0x08000000                        . = ALIGN (0x4)
 *(.isr_vector)
 .isr_vector    0x08000000      0x10c build/debug/startup_stm32f103xb.o
                0x08000000                g_pfnVectors
                0x0800010c                        . = ALIGN (0x4)

.text           0x0800010c      0xf38
                0x0800010c                        . = ALIGN (0x4)
 *(.text)
 *(.text*)
 .text.__do_global_dtors_aux
                0x0800010c       0x24 c:/Users/jc/AppData/Roaming/Code/User/globalStorage/bmd.stm32-for-vscode/@xpack-dev-tools/arm-none-eabi-gcc/14.2.1-1.1.1/.content/bin/../lib/gcc/arm-none-eabi/14.2.1/thumb/v7-m/nofp/crtbegin.o
 .text.frame_dummy
                0x08000130       0x1c c:/Users/jc/AppData/Roaming/Code/User/globalStorage/bmd.stm32-for-vscode/@xpack-dev-tools/arm-none-eabi-gcc/14.2.1-1.1.1/.content/bin/../lib/gcc/arm-none-eabi/14.2.1/thumb/v7-m/nofp/crtbegin.o
 .text.MX_GPIO_Init
                0x0800014c      0x118 build/debug/main.o
 .text.Error_Handler
                0x08000264        0x4 build/debug/main.o
                0x08000264                Error_Handler
 .text.MX_USB_PCD_Init
                0x08000268       0x2c build/debug/main.o
 .text.SystemClock_Config
                0x08000294       0x84 build/debug/main.o
                0x08000294                SystemClock_Config
 .text.main     0x08000318       0x14 build/debug/main.o
                0x08000318                main
 .text.HAL_InitTick
                0x0800032c       0x4c build/debug/stm32f1xx_hal.o
                0x0800032c                HAL_InitTick
 .text.HAL_Init
                0x08000378       0x24 build/debug/stm32f1xx_hal.o
                0x08000378                HAL_Init
 .text.HAL_IncTick
                0x0800039c       0x18 build/debug/stm32f1xx_hal.o
                0x0800039c                HAL_IncTick
 .text.HAL_GetTick
                0x080003b4        0xc build/debug/stm32f1xx_hal.o
                0x080003b4                HAL_GetTick
 .text.__NVIC_SetPriority
                0x080003c0       0x28 build/debug/stm32f1xx_hal_cortex.o
 .text.NVIC_EncodePriority
                0x080003e8       0x3e build/debug/stm32f1xx_hal_cortex.o
 *fill*         0x08000426        0x2 
 .text.HAL_NVIC_SetPriorityGrouping
                0x08000428       0x24 build/debug/stm32f1xx_hal_cortex.o
                0x08000428                HAL_NVIC_SetPriorityGrouping
 .text.HAL_NVIC_SetPriority
                0x0800044c       0x20 build/debug/stm32f1xx_hal_cortex.o
                0x0800044c                HAL_NVIC_SetPriority
 .text.HAL_SYSTICK_Config
                0x0800046c       0x28 build/debug/stm32f1xx_hal_cortex.o
                0x0800046c                HAL_SYSTICK_Config
 .text.HAL_GPIO_Init
                0x08000494      0x214 build/debug/stm32f1xx_hal_gpio.o
                0x08000494                HAL_GPIO_Init
 .text.HAL_GPIO_WritePin
                0x080006a8        0xc build/debug/stm32f1xx_hal_gpio.o
                0x080006a8                HAL_GPIO_WritePin
 .text.HAL_MspInit
                0x080006b4       0x44 build/debug/stm32f1xx_hal_msp.o
                0x080006b4                HAL_MspInit
 .text.HAL_PCD_MspInit
                0x080006f8       0x2c build/debug/stm32f1xx_hal_msp.o
                0x080006f8                HAL_PCD_MspInit
 .text.HAL_PCD_Init
                0x08000724       0xe8 build/debug/stm32f1xx_hal_pcd.o
                0x08000724                HAL_PCD_Init
 .text.RCC_Delay
                0x0800080c       0x2c build/debug/stm32f1xx_hal_rcc.o
 .text.HAL_RCC_OscConfig
                0x08000838      0x410 build/debug/stm32f1xx_hal_rcc.o
                0x08000838                HAL_RCC_OscConfig
 .text.HAL_RCC_GetSysClockFreq
                0x08000c48       0x54 build/debug/stm32f1xx_hal_rcc.o
                0x08000c48                HAL_RCC_GetSysClockFreq
 .text.HAL_RCC_ClockConfig
                0x08000c9c      0x16c build/debug/stm32f1xx_hal_rcc.o
                0x08000c9c                HAL_RCC_ClockConfig
 .text.HAL_RCCEx_PeriphCLKConfig
                0x08000e08      0x118 build/debug/stm32f1xx_hal_rcc_ex.o
                0x08000e08                HAL_RCCEx_PeriphCLKConfig
 .text.NMI_Handler
                0x08000f20        0x2 build/debug/stm32f1xx_it.o
                0x08000f20                NMI_Handler
 .text.HardFault_Handler
                0x08000f22        0x2 build/debug/stm32f1xx_it.o
                0x08000f22                HardFault_Handler
 .text.MemManage_Handler
                0x08000f24        0x2 build/debug/stm32f1xx_it.o
                0x08000f24                MemManage_Handler
 .text.BusFault_Handler
                0x08000f26        0x2 build/debug/stm32f1xx_it.o
                0x08000f26                BusFault_Handler
 .text.UsageFault_Handler
                0x08000f28        0x2 build/debug/stm32f1xx_it.o
                0x08000f28                UsageFault_Handler
 .text.SVC_Handler
                0x08000f2a        0x2 build/debug/stm32f1xx_it.o
                0x08000f2a                SVC_Handler
 .text.DebugMon_Handler
                0x08000f2c        0x2 build/debug/stm32f1xx_it.o
                0x08000f2c                DebugMon_Handler
 .text.PendSV_Handler
                0x08000f2e        0x2 build/debug/stm32f1xx_it.o
                0x08000f2e                PendSV_Handler
 .text.SysTick_Handler
                0x08000f30        0x8 build/debug/stm32f1xx_it.o
                0x08000f30                SysTick_Handler
 .text.USB_CoreInit
                0x08000f38        0xe build/debug/stm32f1xx_ll_usb.o
                0x08000f38                USB_CoreInit
 .text.USB_DisableGlobalInt
                0x08000f46       0x14 build/debug/stm32f1xx_ll_usb.o
                0x08000f46                USB_DisableGlobalInt
 .text.USB_SetCurrentMode
                0x08000f5a        0x4 build/debug/stm32f1xx_ll_usb.o
                0x08000f5a                USB_SetCurrentMode
 .text.USB_DevInit
                0x08000f5e       0x22 build/debug/stm32f1xx_ll_usb.o
                0x08000f5e                USB_DevInit
 .text.USB_DevDisconnect
                0x08000f80        0x4 build/debug/stm32f1xx_ll_usb.o
                0x08000f80                USB_DevDisconnect
 .text.SystemInit
                0x08000f84        0x2 build/debug/system_stm32f1xx.o
                0x08000f84                SystemInit
 *fill*         0x08000f86        0x2 
 .text.Reset_Handler
                0x08000f88       0x48 build/debug/startup_stm32f103xb.o
                0x08000f88                Reset_Handler
 .text.Default_Handler
                0x08000fd0        0x2 build/debug/startup_stm32f103xb.o
                0x08000fd0                RTC_Alarm_IRQHandler
                0x08000fd0                EXTI2_IRQHandler
                0x08000fd0                TIM1_CC_IRQHandler
                0x08000fd0                PVD_IRQHandler
                0x08000fd0                EXTI3_IRQHandler
                0x08000fd0                EXTI0_IRQHandler
                0x08000fd0                I2C2_EV_IRQHandler
                0x08000fd0                ADC1_2_IRQHandler
                0x08000fd0                SPI1_IRQHandler
                0x08000fd0                TAMPER_IRQHandler
                0x08000fd0                DMA1_Channel4_IRQHandler
                0x08000fd0                USART3_IRQHandler
                0x08000fd0                RTC_IRQHandler
                0x08000fd0                DMA1_Channel7_IRQHandler
                0x08000fd0                CAN1_RX1_IRQHandler
                0x08000fd0                TIM4_IRQHandler
                0x08000fd0                I2C1_EV_IRQHandler
                0x08000fd0                DMA1_Channel6_IRQHandler
                0x08000fd0                TIM3_IRQHandler
                0x08000fd0                RCC_IRQHandler
                0x08000fd0                TIM1_TRG_COM_IRQHandler
                0x08000fd0                DMA1_Channel1_IRQHandler
                0x08000fd0                Default_Handler
                0x08000fd0                EXTI15_10_IRQHandler
                0x08000fd0                EXTI9_5_IRQHandler
                0x08000fd0                SPI2_IRQHandler
                0x08000fd0                DMA1_Channel5_IRQHandler
                0x08000fd0                EXTI4_IRQHandler
                0x08000fd0                USB_LP_CAN1_RX0_IRQHandler
                0x08000fd0                USB_HP_CAN1_TX_IRQHandler
                0x08000fd0                DMA1_Channel3_IRQHandler
                0x08000fd0                TIM1_UP_IRQHandler
                0x08000fd0                WWDG_IRQHandler
                0x08000fd0                TIM2_IRQHandler
                0x08000fd0                TIM1_BRK_IRQHandler
                0x08000fd0                EXTI1_IRQHandler
                0x08000fd0                USART2_IRQHandler
                0x08000fd0                I2C2_ER_IRQHandler
                0x08000fd0                DMA1_Channel2_IRQHandler
                0x08000fd0                CAN1_SCE_IRQHandler
                0x08000fd0                FLASH_IRQHandler
                0x08000fd0                USART1_IRQHandler
                0x08000fd0                I2C1_ER_IRQHandler
                0x08000fd0                USBWakeUp_IRQHandler
 .text.memset   0x08000fd2       0x10 c:/Users/jc/AppData/Roaming/Code/User/globalStorage/bmd.stm32-for-vscode/@xpack-dev-tools/arm-none-eabi-gcc/14.2.1-1.1.1/.content/bin/../lib/gcc/arm-none-eabi/14.2.1/../../../../arm-none-eabi/lib/thumb/v7-m/nofp\libc_nano.a(libc_a-memset.o)
                0x08000fd2                memset
 *fill*         0x08000fe2        0x2 
 .text.__libc_init_array
                0x08000fe4       0x48 c:/Users/jc/AppData/Roaming/Code/User/globalStorage/bmd.stm32-for-vscode/@xpack-dev-tools/arm-none-eabi-gcc/14.2.1-1.1.1/.content/bin/../lib/gcc/arm-none-eabi/14.2.1/../../../../arm-none-eabi/lib/thumb/v7-m/nofp\libc_nano.a(libc_a-init.o)
                0x08000fe4                __libc_init_array
 *(.glue_7)
 .glue_7        0x0800102c        0x0 linker stubs
 *(.glue_7t)
 .glue_7t       0x0800102c        0x0 linker stubs
 *(.eh_frame)
 .eh_frame      0x0800102c        0x0 c:/Users/jc/AppData/Roaming/Code/User/globalStorage/bmd.stm32-for-vscode/@xpack-dev-tools/arm-none-eabi-gcc/14.2.1-1.1.1/.content/bin/../lib/gcc/arm-none-eabi/14.2.1/thumb/v7-m/nofp/crtbegin.o
 *(.init)
 .init          0x0800102c        0x4 c:/Users/jc/AppData/Roaming/Code/User/globalStorage/bmd.stm32-for-vscode/@xpack-dev-tools/arm-none-eabi-gcc/14.2.1-1.1.1/.content/bin/../lib/gcc/arm-none-eabi/14.2.1/thumb/v7-m/nofp/crti.o
                0x0800102c                _init
 .init          0x08001030        0x8 c:/Users/jc/AppData/Roaming/Code/User/globalStorage/bmd.stm32-for-vscode/@xpack-dev-tools/arm-none-eabi-gcc/14.2.1-1.1.1/.content/bin/../lib/gcc/arm-none-eabi/14.2.1/thumb/v7-m/nofp/crtn.o
 *(.fini)
 .fini          0x08001038        0x4 c:/Users/jc/AppData/Roaming/Code/User/globalStorage/bmd.stm32-for-vscode/@xpack-dev-tools/arm-none-eabi-gcc/14.2.1-1.1.1/.content/bin/../lib/gcc/arm-none-eabi/14.2.1/thumb/v7-m/nofp/crti.o
                0x08001038                _fini
 .fini          0x0800103c        0x8 c:/Users/jc/AppData/Roaming/Code/User/globalStorage/bmd.stm32-for-vscode/@xpack-dev-tools/arm-none-eabi-gcc/14.2.1-1.1.1/.content/bin/../lib/gcc/arm-none-eabi/14.2.1/thumb/v7-m/nofp/crtn.o
                0x08001044                        . = ALIGN (0x4)
                0x08001044                        _etext = .

.vfp11_veneer   0x08001044        0x0
 .vfp11_veneer  0x08001044        0x0 linker stubs

.v4_bx          0x08001044        0x0
 .v4_bx         0x08001044        0x0 linker stubs

.iplt           0x08001044        0x0
 .iplt          0x08001044        0x0 c:/Users/jc/AppData/Roaming/Code/User/globalStorage/bmd.stm32-for-vscode/@xpack-dev-tools/arm-none-eabi-gcc/14.2.1-1.1.1/.content/bin/../lib/gcc/arm-none-eabi/14.2.1/thumb/v7-m/nofp/crtbegin.o

.rodata         0x08001044       0x24
                0x08001044                        . = ALIGN (0x4)
 *(.rodata)
 *(.rodata*)
 .rodata.aPredivFactorTable.0
                0x08001044        0x2 build/debug/stm32f1xx_hal_rcc.o
 *fill*         0x08001046        0x2 
 .rodata.aPLLMULFactorTable.1
                0x08001048       0x10 build/debug/stm32f1xx_hal_rcc.o
 .rodata.AHBPrescTable
                0x08001058       0x10 build/debug/system_stm32f1xx.o
                0x08001058                AHBPrescTable
                0x08001068                        . = ALIGN (0x4)

.ARM.extab      0x08001068        0x0
                0x08001068                        . = ALIGN (0x4)
 *(.ARM.extab* .gnu.linkonce.armextab.*)
                0x08001068                        . = ALIGN (0x4)

.ARM            0x08001068        0x0
                0x08001068                        . = ALIGN (0x4)
                0x08001068                        __exidx_start = .
 *(.ARM.exidx*)
                0x08001068                        __exidx_end = .
                0x08001068                        . = ALIGN (0x4)

.preinit_array  0x08001068        0x0
                0x08001068                        . = ALIGN (0x4)
                0x08001068                        PROVIDE (__preinit_array_start = .)
 *(.preinit_array*)
                0x08001068                        PROVIDE (__preinit_array_end = .)
                0x08001068                        . = ALIGN (0x4)

.init_array     0x08001068        0x4
                0x08001068                        . = ALIGN (0x4)
                0x08001068                        PROVIDE (__init_array_start = .)
 *(SORT_BY_NAME(.init_array.*))
 *(.init_array*)
 .init_array    0x08001068        0x4 c:/Users/jc/AppData/Roaming/Code/User/globalStorage/bmd.stm32-for-vscode/@xpack-dev-tools/arm-none-eabi-gcc/14.2.1-1.1.1/.content/bin/../lib/gcc/arm-none-eabi/14.2.1/thumb/v7-m/nofp/crtbegin.o
                0x0800106c                        PROVIDE (__init_array_end = .)
                0x0800106c                        . = ALIGN (0x4)

.fini_array     0x0800106c        0x4
                0x0800106c                        . = ALIGN (0x4)
                0x0800106c                        PROVIDE (__fini_array_start = .)
 *(SORT_BY_NAME(.fini_array.*))
 *(.fini_array*)
 .fini_array    0x0800106c        0x4 c:/Users/jc/AppData/Roaming/Code/User/globalStorage/bmd.stm32-for-vscode/@xpack-dev-tools/arm-none-eabi-gcc/14.2.1-1.1.1/.content/bin/../lib/gcc/arm-none-eabi/14.2.1/thumb/v7-m/nofp/crtbegin.o
                0x08001070                        PROVIDE (__fini_array_end = .)
                0x08001070                        . = ALIGN (0x4)
                0x08001070                        _sidata = LOADADDR (.data)

.rel.dyn        0x08001070        0x0
 .rel.iplt      0x08001070        0x0 c:/Users/jc/AppData/Roaming/Code/User/globalStorage/bmd.stm32-for-vscode/@xpack-dev-tools/arm-none-eabi-gcc/14.2.1-1.1.1/.content/bin/../lib/gcc/arm-none-eabi/14.2.1/thumb/v7-m/nofp/crtbegin.o

.data           0x20000000        0xc load address 0x08001070
                0x20000000                        . = ALIGN (0x4)
                0x20000000                        _sdata = .
 *(.data)
 *(.data*)
 .data.uwTickFreq
                0x20000000        0x1 build/debug/stm32f1xx_hal.o
                0x20000000                uwTickFreq
 *fill*         0x20000001        0x3 
 .data.uwTickPrio
                0x20000004        0x4 build/debug/stm32f1xx_hal.o
                0x20000004                uwTickPrio
 .data.SystemCoreClock
                0x20000008        0x4 build/debug/system_stm32f1xx.o
                0x20000008                SystemCoreClock
 *(.RamFunc)
 *(.RamFunc*)
                0x2000000c                        . = ALIGN (0x4)
                0x2000000c                        _edata = .

.igot.plt       0x2000000c        0x0 load address 0x0800107c
 .igot.plt      0x2000000c        0x0 c:/Users/jc/AppData/Roaming/Code/User/globalStorage/bmd.stm32-for-vscode/@xpack-dev-tools/arm-none-eabi-gcc/14.2.1-1.1.1/.content/bin/../lib/gcc/arm-none-eabi/14.2.1/thumb/v7-m/nofp/crtbegin.o
                0x2000000c                        . = ALIGN (0x4)

.bss            0x2000000c      0x2f8 load address 0x0800107c
                0x2000000c                        _sbss = .
                0x2000000c                        __bss_start__ = _sbss
 *(.bss)
 *(.bss*)
 .bss.completed.1
                0x2000000c        0x1 c:/Users/jc/AppData/Roaming/Code/User/globalStorage/bmd.stm32-for-vscode/@xpack-dev-tools/arm-none-eabi-gcc/14.2.1-1.1.1/.content/bin/../lib/gcc/arm-none-eabi/14.2.1/thumb/v7-m/nofp/crtbegin.o
 *fill*         0x2000000d        0x3 
 .bss.object.0  0x20000010       0x18 c:/Users/jc/AppData/Roaming/Code/User/globalStorage/bmd.stm32-for-vscode/@xpack-dev-tools/arm-none-eabi-gcc/14.2.1-1.1.1/.content/bin/../lib/gcc/arm-none-eabi/14.2.1/thumb/v7-m/nofp/crtbegin.o
 .bss.hpcd_USB_FS
                0x20000028      0x2d8 build/debug/main.o
                0x20000028                hpcd_USB_FS
 .bss.uwTick    0x20000300        0x4 build/debug/stm32f1xx_hal.o
                0x20000300                uwTick
 *(COMMON)
                0x20000304                        . = ALIGN (0x4)
                0x20000304                        _ebss = .
                0x20000304                        __bss_end__ = _ebss

._user_heap_stack
                0x20000304      0x604 load address 0x0800107c
                0x20000308                        . = ALIGN (0x8)
 *fill*         0x20000304        0x4 
                [!provide]                        PROVIDE (end = .)
                0x20000308                        PROVIDE (_end = .)
                0x20000508                        . = (. + _Min_Heap_Size)
 *fill*         0x20000308      0x200 
                0x20000908                        . = (. + _Min_Stack_Size)
 *fill*         0x20000508      0x400 
                0x20000908                        . = ALIGN (0x8)

/DISCARD/
 libc.a(*)
 libm.a(*)
 libgcc.a(*)
OUTPUT(build/debug/stm.elf elf32-littlearm)
LOAD linker stubs
LOAD c:/Users/jc/AppData/Roaming/Code/User/globalStorage/bmd.stm32-for-vscode/@xpack-dev-tools/arm-none-eabi-gcc/14.2.1-1.1.1/.content/bin/../lib/gcc/arm-none-eabi/14.2.1/../../../../arm-none-eabi/lib/thumb/v7-m/nofp\libc.a
LOAD c:/Users/jc/AppData/Roaming/Code/User/globalStorage/bmd.stm32-for-vscode/@xpack-dev-tools/arm-none-eabi-gcc/14.2.1-1.1.1/.content/bin/../lib/gcc/arm-none-eabi/14.2.1/../../../../arm-none-eabi/lib/thumb/v7-m/nofp\libm.a
LOAD c:/Users/jc/AppData/Roaming/Code/User/globalStorage/bmd.stm32-for-vscode/@xpack-dev-tools/arm-none-eabi-gcc/14.2.1-1.1.1/.content/bin/../lib/gcc/arm-none-eabi/14.2.1/thumb/v7-m/nofp\libgcc.a

.ARM.attributes
                0x00000000       0x29
 .ARM.attributes
                0x00000000       0x1d c:/Users/jc/AppData/Roaming/Code/User/globalStorage/bmd.stm32-for-vscode/@xpack-dev-tools/arm-none-eabi-gcc/14.2.1-1.1.1/.content/bin/../lib/gcc/arm-none-eabi/14.2.1/thumb/v7-m/nofp/crti.o
 .ARM.attributes
                0x0000001d       0x2d c:/Users/jc/AppData/Roaming/Code/User/globalStorage/bmd.stm32-for-vscode/@xpack-dev-tools/arm-none-eabi-gcc/14.2.1-1.1.1/.content/bin/../lib/gcc/arm-none-eabi/14.2.1/thumb/v7-m/nofp/crtbegin.o
 .ARM.attributes
                0x0000004a       0x2d build/debug/main.o
 .ARM.attributes
                0x00000077       0x2d build/debug/stm32f1xx_hal.o
 .ARM.attributes
                0x000000a4       0x2d build/debug/stm32f1xx_hal_cortex.o
 .ARM.attributes
                0x000000d1       0x2d build/debug/stm32f1xx_hal_gpio.o
 .ARM.attributes
                0x000000fe       0x2d build/debug/stm32f1xx_hal_msp.o
 .ARM.attributes
                0x0000012b       0x2d build/debug/stm32f1xx_hal_pcd.o
 .ARM.attributes
                0x00000158       0x2d build/debug/stm32f1xx_hal_rcc.o
 .ARM.attributes
                0x00000185       0x2d build/debug/stm32f1xx_hal_rcc_ex.o
 .ARM.attributes
                0x000001b2       0x2d build/debug/stm32f1xx_it.o
 .ARM.attributes
                0x000001df       0x2d build/debug/stm32f1xx_ll_usb.o
 .ARM.attributes
                0x0000020c       0x2d build/debug/system_stm32f1xx.o
 .ARM.attributes
                0x00000239       0x21 build/debug/startup_stm32f103xb.o
 .ARM.attributes
                0x0000025a       0x2d c:/Users/jc/AppData/Roaming/Code/User/globalStorage/bmd.stm32-for-vscode/@xpack-dev-tools/arm-none-eabi-gcc/14.2.1-1.1.1/.content/bin/../lib/gcc/arm-none-eabi/14.2.1/../../../../arm-none-eabi/lib/thumb/v7-m/nofp\libc_nano.a(libc_a-memset.o)
 .ARM.attributes
                0x00000287       0x2d c:/Users/jc/AppData/Roaming/Code/User/globalStorage/bmd.stm32-for-vscode/@xpack-dev-tools/arm-none-eabi-gcc/14.2.1-1.1.1/.content/bin/../lib/gcc/arm-none-eabi/14.2.1/../../../../arm-none-eabi/lib/thumb/v7-m/nofp\libc_nano.a(libc_a-init.o)
 .ARM.attributes
                0x000002b4       0x1d c:/Users/jc/AppData/Roaming/Code/User/globalStorage/bmd.stm32-for-vscode/@xpack-dev-tools/arm-none-eabi-gcc/14.2.1-1.1.1/.content/bin/../lib/gcc/arm-none-eabi/14.2.1/thumb/v7-m/nofp/crtn.o

.comment        0x00000000       0x39
 .comment       0x00000000       0x39 c:/Users/jc/AppData/Roaming/Code/User/globalStorage/bmd.stm32-for-vscode/@xpack-dev-tools/arm-none-eabi-gcc/14.2.1-1.1.1/.content/bin/../lib/gcc/arm-none-eabi/14.2.1/thumb/v7-m/nofp/crtbegin.o
                                 0x3a (size before relaxing)
 .comment       0x00000039       0x3a build/debug/main.o
 .comment       0x00000039       0x3a build/debug/stm32f1xx_hal.o
 .comment       0x00000039       0x3a build/debug/stm32f1xx_hal_cortex.o
 .comment       0x00000039       0x3a build/debug/stm32f1xx_hal_gpio.o
 .comment       0x00000039       0x3a build/debug/stm32f1xx_hal_msp.o
 .comment       0x00000039       0x3a build/debug/stm32f1xx_hal_pcd.o
 .comment       0x00000039       0x3a build/debug/stm32f1xx_hal_rcc.o
 .comment       0x00000039       0x3a build/debug/stm32f1xx_hal_rcc_ex.o
 .comment       0x00000039       0x3a build/debug/stm32f1xx_it.o
 .comment       0x00000039       0x3a build/debug/stm32f1xx_ll_usb.o
 .comment       0x00000039       0x3a build/debug/system_stm32f1xx.o
 .comment       0x00000039       0x3a c:/Users/jc/AppData/Roaming/Code/User/globalStorage/bmd.stm32-for-vscode/@xpack-dev-tools/arm-none-eabi-gcc/14.2.1-1.1.1/.content/bin/../lib/gcc/arm-none-eabi/14.2.1/../../../../arm-none-eabi/lib/thumb/v7-m/nofp\libc_nano.a(libc_a-memset.o)
 .comment       0x00000039       0x3a c:/Users/jc/AppData/Roaming/Code/User/globalStorage/bmd.stm32-for-vscode/@xpack-dev-tools/arm-none-eabi-gcc/14.2.1-1.1.1/.content/bin/../lib/gcc/arm-none-eabi/14.2.1/../../../../arm-none-eabi/lib/thumb/v7-m/nofp\libc_nano.a(libc_a-init.o)

.debug_info     0x00000000     0x76fe
 .debug_info    0x00000000      0xc3e build/debug/main.o
 .debug_info    0x00000c3e      0x7a2 build/debug/stm32f1xx_hal.o
 .debug_info    0x000013e0      0xcd9 build/debug/stm32f1xx_hal_cortex.o
 .debug_info    0x000020b9      0x604 build/debug/stm32f1xx_hal_gpio.o
 .debug_info    0x000026bd      0x70a build/debug/stm32f1xx_hal_msp.o
 .debug_info    0x00002dc7     0x1cbc build/debug/stm32f1xx_hal_pcd.o
 .debug_info    0x00004a83      0x9c7 build/debug/stm32f1xx_hal_rcc.o
 .debug_info    0x0000544a      0x420 build/debug/stm32f1xx_hal_rcc_ex.o
 .debug_info    0x0000586a      0x11d build/debug/stm32f1xx_it.o
 .debug_info    0x00005987     0x1b1a build/debug/stm32f1xx_ll_usb.o
 .debug_info    0x000074a1      0x22d build/debug/system_stm32f1xx.o
 .debug_info    0x000076ce       0x30 build/debug/startup_stm32f103xb.o

.debug_abbrev   0x00000000     0x172e
 .debug_abbrev  0x00000000      0x25f build/debug/main.o
 .debug_abbrev  0x0000025f      0x22d build/debug/stm32f1xx_hal.o
 .debug_abbrev  0x0000048c      0x36d build/debug/stm32f1xx_hal_cortex.o
 .debug_abbrev  0x000007f9      0x1f7 build/debug/stm32f1xx_hal_gpio.o
 .debug_abbrev  0x000009f0      0x19f build/debug/stm32f1xx_hal_msp.o
 .debug_abbrev  0x00000b8f      0x311 build/debug/stm32f1xx_hal_pcd.o
 .debug_abbrev  0x00000ea0      0x2a0 build/debug/stm32f1xx_hal_rcc.o
 .debug_abbrev  0x00001140      0x1d8 build/debug/stm32f1xx_hal_rcc_ex.o
 .debug_abbrev  0x00001318       0x7c build/debug/stm32f1xx_it.o
 .debug_abbrev  0x00001394      0x233 build/debug/stm32f1xx_ll_usb.o
 .debug_abbrev  0x000015c7      0x143 build/debug/system_stm32f1xx.o
 .debug_abbrev  0x0000170a       0x24 build/debug/startup_stm32f103xb.o

.debug_aranges  0x00000000      0x610
 .debug_aranges
                0x00000000       0x40 build/debug/main.o
 .debug_aranges
                0x00000040       0xe0 build/debug/stm32f1xx_hal.o
 .debug_aranges
                0x00000120       0xc0 build/debug/stm32f1xx_hal_cortex.o
 .debug_aranges
                0x000001e0       0x58 build/debug/stm32f1xx_hal_gpio.o
 .debug_aranges
                0x00000238       0x30 build/debug/stm32f1xx_hal_msp.o
 .debug_aranges
                0x00000268      0x140 build/debug/stm32f1xx_hal_pcd.o
 .debug_aranges
                0x000003a8       0x90 build/debug/stm32f1xx_hal_rcc.o
 .debug_aranges
                0x00000438       0x30 build/debug/stm32f1xx_hal_rcc_ex.o
 .debug_aranges
                0x00000468       0x60 build/debug/stm32f1xx_it.o
 .debug_aranges
                0x000004c8       0xf8 build/debug/stm32f1xx_ll_usb.o
 .debug_aranges
                0x000005c0       0x28 build/debug/system_stm32f1xx.o
 .debug_aranges
                0x000005e8       0x28 build/debug/startup_stm32f103xb.o

.debug_rnglists
                0x00000000      0x65c
 .debug_rnglists
                0x00000000       0x2d build/debug/main.o
 .debug_rnglists
                0x0000002d       0xa3 build/debug/stm32f1xx_hal.o
 .debug_rnglists
                0x000000d0       0x8b build/debug/stm32f1xx_hal_cortex.o
 .debug_rnglists
                0x0000015b       0x3f build/debug/stm32f1xx_hal_gpio.o
 .debug_rnglists
                0x0000019a       0x1f build/debug/stm32f1xx_hal_msp.o
 .debug_rnglists
                0x000001b9      0x186 build/debug/stm32f1xx_hal_pcd.o
 .debug_rnglists
                0x0000033f       0x7d build/debug/stm32f1xx_hal_rcc.o
 .debug_rnglists
                0x000003bc       0x2f build/debug/stm32f1xx_hal_rcc_ex.o
 .debug_rnglists
                0x000003eb       0x43 build/debug/stm32f1xx_it.o
 .debug_rnglists
                0x0000042e      0x1fb build/debug/stm32f1xx_ll_usb.o
 .debug_rnglists
                0x00000629       0x1a build/debug/system_stm32f1xx.o
 .debug_rnglists
                0x00000643       0x19 build/debug/startup_stm32f103xb.o

.debug_line     0x00000000     0x625d
 .debug_line    0x00000000      0x547 build/debug/main.o
 .debug_line    0x00000547      0x5b0 build/debug/stm32f1xx_hal.o
 .debug_line    0x00000af7      0x729 build/debug/stm32f1xx_hal_cortex.o
 .debug_line    0x00001220      0x64b build/debug/stm32f1xx_hal_gpio.o
 .debug_line    0x0000186b      0x2be build/debug/stm32f1xx_hal_msp.o
 .debug_line    0x00001b29     0x1870 build/debug/stm32f1xx_hal_pcd.o
 .debug_line    0x00003399      0xd3a build/debug/stm32f1xx_hal_rcc.o
 .debug_line    0x000040d3      0x52b build/debug/stm32f1xx_hal_rcc_ex.o
 .debug_line    0x000045fe      0x13d build/debug/stm32f1xx_it.o
 .debug_line    0x0000473b     0x17e7 build/debug/stm32f1xx_ll_usb.o
 .debug_line    0x00005f22      0x2c7 build/debug/system_stm32f1xx.o
 .debug_line    0x000061e9       0x74 build/debug/startup_stm32f103xb.o

.debug_str      0x00000000     0x1d76
 .debug_str     0x00000000     0x1d76 build/debug/main.o
                                0x83d (size before relaxing)
 .debug_str     0x00001d76      0x7f1 build/debug/stm32f1xx_hal.o
 .debug_str     0x00001d76      0x896 build/debug/stm32f1xx_hal_cortex.o
 .debug_str     0x00001d76      0x3c3 build/debug/stm32f1xx_hal_gpio.o
 .debug_str     0x00001d76      0x57b build/debug/stm32f1xx_hal_msp.o
 .debug_str     0x00001d76      0xae6 build/debug/stm32f1xx_hal_pcd.o
 .debug_str     0x00001d76      0x5ee build/debug/stm32f1xx_hal_rcc.o
 .debug_str     0x00001d76      0x396 build/debug/stm32f1xx_hal_rcc_ex.o
 .debug_str     0x00001d76      0x1e5 build/debug/stm32f1xx_it.o
 .debug_str     0x00001d76      0x6e8 build/debug/stm32f1xx_ll_usb.o
 .debug_str     0x00001d76      0x217 build/debug/system_stm32f1xx.o
 .debug_str     0x00001d76       0x4a build/debug/startup_stm32f103xb.o

.debug_frame    0x00000000      0xd4c
 .debug_frame   0x00000000       0x9c build/debug/main.o
 .debug_frame   0x0000009c      0x1cc build/debug/stm32f1xx_hal.o
 .debug_frame   0x00000268      0x19c build/debug/stm32f1xx_hal_cortex.o
 .debug_frame   0x00000404       0xe4 build/debug/stm32f1xx_hal_gpio.o
 .debug_frame   0x000004e8       0x50 build/debug/stm32f1xx_hal_msp.o
 .debug_frame   0x00000538      0x358 build/debug/stm32f1xx_hal_pcd.o
 .debug_frame   0x00000890      0x184 build/debug/stm32f1xx_hal_rcc.o
 .debug_frame   0x00000a14       0x60 build/debug/stm32f1xx_hal_rcc_ex.o
 .debug_frame   0x00000a74       0xa8 build/debug/stm32f1xx_it.o
 .debug_frame   0x00000b1c      0x200 build/debug/stm32f1xx_ll_usb.o
 .debug_frame   0x00000d1c       0x30 build/debug/system_stm32f1xx.o

.debug_loclists
                0x00000000     0x3096
 .debug_loclists
                0x00000000       0xe1 build/debug/stm32f1xx_hal.o
 .debug_loclists
                0x000000e1      0x530 build/debug/stm32f1xx_hal_cortex.o
 .debug_loclists
                0x00000611      0x300 build/debug/stm32f1xx_hal_gpio.o
 .debug_loclists
                0x00000911       0x17 build/debug/stm32f1xx_hal_msp.o
 .debug_loclists
                0x00000928      0xf0e build/debug/stm32f1xx_hal_pcd.o
 .debug_loclists
                0x00001836      0x42e build/debug/stm32f1xx_hal_rcc.o
 .debug_loclists
                0x00001c64      0x2ca build/debug/stm32f1xx_hal_rcc_ex.o
 .debug_loclists
                0x00001f2e     0x10b1 build/debug/stm32f1xx_ll_usb.o
 .debug_loclists
                0x00002fdf       0xb7 build/debug/system_stm32f1xx.o

.debug_line_str
                0x00000000       0x2e
 .debug_line_str
                0x00000000       0x2e build/debug/startup_stm32f103xb.o

Cross Reference Table

Symbol                                            File
ADC1_2_IRQHandler                                 build/debug/startup_stm32f103xb.o
AHBPrescTable                                     build/debug/system_stm32f1xx.o
                                                  build/debug/stm32f1xx_hal_rcc.o
APBPrescTable                                     build/debug/system_stm32f1xx.o
                                                  build/debug/stm32f1xx_hal_rcc.o
BusFault_Handler                                  build/debug/stm32f1xx_it.o
CAN1_RX1_IRQHandler                               build/debug/startup_stm32f103xb.o
CAN1_SCE_IRQHandler                               build/debug/startup_stm32f103xb.o
DMA1_Channel1_IRQHandler                          build/debug/startup_stm32f103xb.o
DMA1_Channel2_IRQHandler                          build/debug/startup_stm32f103xb.o
DMA1_Channel3_IRQHandler                          build/debug/startup_stm32f103xb.o
DMA1_Channel4_IRQHandler                          build/debug/startup_stm32f103xb.o
DMA1_Channel5_IRQHandler                          build/debug/startup_stm32f103xb.o
DMA1_Channel6_IRQHandler                          build/debug/startup_stm32f103xb.o
DMA1_Channel7_IRQHandler                          build/debug/startup_stm32f103xb.o
DebugMon_Handler                                  build/debug/stm32f1xx_it.o
Default_Handler                                   build/debug/startup_stm32f103xb.o
EXTI0_IRQHandler                                  build/debug/startup_stm32f103xb.o
EXTI15_10_IRQHandler                              build/debug/startup_stm32f103xb.o
EXTI1_IRQHandler                                  build/debug/startup_stm32f103xb.o
EXTI2_IRQHandler                                  build/debug/startup_stm32f103xb.o
EXTI3_IRQHandler                                  build/debug/startup_stm32f103xb.o
EXTI4_IRQHandler                                  build/debug/startup_stm32f103xb.o
EXTI9_5_IRQHandler                                build/debug/startup_stm32f103xb.o
Error_Handler                                     build/debug/main.o
FLASH_IRQHandler                                  build/debug/startup_stm32f103xb.o
FLASH_PageErase                                   build/debug/stm32f1xx_hal_flash_ex.o
                                                  build/debug/stm32f1xx_hal_flash.o
FLASH_WaitForLastOperation                        build/debug/stm32f1xx_hal_flash.o
                                                  build/debug/stm32f1xx_hal_flash_ex.o
HAL_DBGMCU_DisableDBGSleepMode                    build/debug/stm32f1xx_hal.o
HAL_DBGMCU_DisableDBGStandbyMode                  build/debug/stm32f1xx_hal.o
HAL_DBGMCU_DisableDBGStopMode                     build/debug/stm32f1xx_hal.o
HAL_DBGMCU_EnableDBGSleepMode                     build/debug/stm32f1xx_hal.o
HAL_DBGMCU_EnableDBGStandbyMode                   build/debug/stm32f1xx_hal.o
HAL_DBGMCU_EnableDBGStopMode                      build/debug/stm32f1xx_hal.o
HAL_DMA_Abort                                     build/debug/stm32f1xx_hal_dma.o
HAL_DMA_Abort_IT                                  build/debug/stm32f1xx_hal_dma.o
HAL_DMA_DeInit                                    build/debug/stm32f1xx_hal_dma.o
HAL_DMA_GetError                                  build/debug/stm32f1xx_hal_dma.o
HAL_DMA_GetState                                  build/debug/stm32f1xx_hal_dma.o
HAL_DMA_IRQHandler                                build/debug/stm32f1xx_hal_dma.o
HAL_DMA_Init                                      build/debug/stm32f1xx_hal_dma.o
HAL_DMA_PollForTransfer                           build/debug/stm32f1xx_hal_dma.o
HAL_DMA_RegisterCallback                          build/debug/stm32f1xx_hal_dma.o
HAL_DMA_Start                                     build/debug/stm32f1xx_hal_dma.o
HAL_DMA_Start_IT                                  build/debug/stm32f1xx_hal_dma.o
HAL_DMA_UnRegisterCallback                        build/debug/stm32f1xx_hal_dma.o
HAL_DeInit                                        build/debug/stm32f1xx_hal.o
HAL_Delay                                         build/debug/stm32f1xx_hal.o
HAL_EXTI_ClearConfigLine                          build/debug/stm32f1xx_hal_exti.o
HAL_EXTI_ClearPending                             build/debug/stm32f1xx_hal_exti.o
HAL_EXTI_GenerateSWI                              build/debug/stm32f1xx_hal_exti.o
HAL_EXTI_GetConfigLine                            build/debug/stm32f1xx_hal_exti.o
HAL_EXTI_GetHandle                                build/debug/stm32f1xx_hal_exti.o
HAL_EXTI_GetPending                               build/debug/stm32f1xx_hal_exti.o
HAL_EXTI_IRQHandler                               build/debug/stm32f1xx_hal_exti.o
HAL_EXTI_RegisterCallback                         build/debug/stm32f1xx_hal_exti.o
HAL_EXTI_SetConfigLine                            build/debug/stm32f1xx_hal_exti.o
HAL_FLASHEx_Erase                                 build/debug/stm32f1xx_hal_flash_ex.o
HAL_FLASHEx_Erase_IT                              build/debug/stm32f1xx_hal_flash_ex.o
HAL_FLASHEx_OBErase                               build/debug/stm32f1xx_hal_flash_ex.o
HAL_FLASHEx_OBGetConfig                           build/debug/stm32f1xx_hal_flash_ex.o
HAL_FLASHEx_OBGetUserData                         build/debug/stm32f1xx_hal_flash_ex.o
HAL_FLASHEx_OBProgram                             build/debug/stm32f1xx_hal_flash_ex.o
HAL_FLASH_EndOfOperationCallback                  build/debug/stm32f1xx_hal_flash.o
HAL_FLASH_GetError                                build/debug/stm32f1xx_hal_flash.o
HAL_FLASH_IRQHandler                              build/debug/stm32f1xx_hal_flash.o
HAL_FLASH_Lock                                    build/debug/stm32f1xx_hal_flash.o
HAL_FLASH_OB_Launch                               build/debug/stm32f1xx_hal_flash.o
HAL_FLASH_OB_Lock                                 build/debug/stm32f1xx_hal_flash.o
HAL_FLASH_OB_Unlock                               build/debug/stm32f1xx_hal_flash.o
HAL_FLASH_OperationErrorCallback                  build/debug/stm32f1xx_hal_flash.o
HAL_FLASH_Program                                 build/debug/stm32f1xx_hal_flash.o
HAL_FLASH_Program_IT                              build/debug/stm32f1xx_hal_flash.o
HAL_FLASH_Unlock                                  build/debug/stm32f1xx_hal_flash.o
HAL_GPIOEx_ConfigEventout                         build/debug/stm32f1xx_hal_gpio_ex.o
HAL_GPIOEx_DisableEventout                        build/debug/stm32f1xx_hal_gpio_ex.o
HAL_GPIOEx_EnableEventout                         build/debug/stm32f1xx_hal_gpio_ex.o
HAL_GPIO_DeInit                                   build/debug/stm32f1xx_hal_gpio.o
HAL_GPIO_EXTI_Callback                            build/debug/stm32f1xx_hal_gpio.o
HAL_GPIO_EXTI_IRQHandler                          build/debug/stm32f1xx_hal_gpio.o
HAL_GPIO_Init                                     build/debug/stm32f1xx_hal_gpio.o
                                                  build/debug/stm32f1xx_hal_rcc.o
                                                  build/debug/main.o
HAL_GPIO_LockPin                                  build/debug/stm32f1xx_hal_gpio.o
HAL_GPIO_ReadPin                                  build/debug/stm32f1xx_hal_gpio.o
HAL_GPIO_TogglePin                                build/debug/stm32f1xx_hal_gpio.o
HAL_GPIO_WritePin                                 build/debug/stm32f1xx_hal_gpio.o
                                                  build/debug/main.o
HAL_GetDEVID                                      build/debug/stm32f1xx_hal.o
HAL_GetHalVersion                                 build/debug/stm32f1xx_hal.o
HAL_GetREVID                                      build/debug/stm32f1xx_hal.o
HAL_GetTick                                       build/debug/stm32f1xx_hal.o
                                                  build/debug/stm32f1xx_hal_rcc_ex.o
                                                  build/debug/stm32f1xx_hal_rcc.o
                                                  build/debug/stm32f1xx_hal_flash.o
                                                  build/debug/stm32f1xx_hal_dma.o
HAL_GetTickFreq                                   build/debug/stm32f1xx_hal.o
HAL_GetTickPrio                                   build/debug/stm32f1xx_hal.o
HAL_GetUIDw0                                      build/debug/stm32f1xx_hal.o
HAL_GetUIDw1                                      build/debug/stm32f1xx_hal.o
HAL_GetUIDw2                                      build/debug/stm32f1xx_hal.o
HAL_IncTick                                       build/debug/stm32f1xx_hal.o
                                                  build/debug/stm32f1xx_it.o
HAL_Init                                          build/debug/stm32f1xx_hal.o
                                                  build/debug/main.o
HAL_InitTick                                      build/debug/stm32f1xx_hal.o
                                                  build/debug/stm32f1xx_hal_rcc.o
HAL_MspDeInit                                     build/debug/stm32f1xx_hal.o
HAL_MspInit                                       build/debug/stm32f1xx_hal_msp.o
                                                  build/debug/stm32f1xx_hal.o
HAL_NVIC_ClearPendingIRQ                          build/debug/stm32f1xx_hal_cortex.o
HAL_NVIC_DisableIRQ                               build/debug/stm32f1xx_hal_cortex.o
HAL_NVIC_EnableIRQ                                build/debug/stm32f1xx_hal_cortex.o
HAL_NVIC_GetActive                                build/debug/stm32f1xx_hal_cortex.o
HAL_NVIC_GetPendingIRQ                            build/debug/stm32f1xx_hal_cortex.o
HAL_NVIC_GetPriority                              build/debug/stm32f1xx_hal_cortex.o
HAL_NVIC_GetPriorityGrouping                      build/debug/stm32f1xx_hal_cortex.o
HAL_NVIC_SetPendingIRQ                            build/debug/stm32f1xx_hal_cortex.o
HAL_NVIC_SetPriority                              build/debug/stm32f1xx_hal_cortex.o
                                                  build/debug/stm32f1xx_hal.o
HAL_NVIC_SetPriorityGrouping                      build/debug/stm32f1xx_hal_cortex.o
                                                  build/debug/stm32f1xx_hal.o
HAL_NVIC_SystemReset                              build/debug/stm32f1xx_hal_cortex.o
                                                  build/debug/stm32f1xx_hal_flash.o
HAL_PCDEx_BCD_Callback                            build/debug/stm32f1xx_hal_pcd_ex.o
HAL_PCDEx_LPM_Callback                            build/debug/stm32f1xx_hal_pcd_ex.o
HAL_PCDEx_PMAConfig                               build/debug/stm32f1xx_hal_pcd_ex.o
HAL_PCDEx_SetConnectionState                      build/debug/stm32f1xx_hal_pcd_ex.o
                                                  build/debug/stm32f1xx_hal_pcd.o
HAL_PCD_ActivateRemoteWakeup                      build/debug/stm32f1xx_hal_pcd.o
HAL_PCD_ConnectCallback                           build/debug/stm32f1xx_hal_pcd.o
HAL_PCD_DataInStageCallback                       build/debug/stm32f1xx_hal_pcd.o
HAL_PCD_DataOutStageCallback                      build/debug/stm32f1xx_hal_pcd.o
HAL_PCD_DeActivateRemoteWakeup                    build/debug/stm32f1xx_hal_pcd.o
HAL_PCD_DeInit                                    build/debug/stm32f1xx_hal_pcd.o
HAL_PCD_DevConnect                                build/debug/stm32f1xx_hal_pcd.o
HAL_PCD_DevDisconnect                             build/debug/stm32f1xx_hal_pcd.o
HAL_PCD_DisconnectCallback                        build/debug/stm32f1xx_hal_pcd.o
HAL_PCD_EP_Abort                                  build/debug/stm32f1xx_hal_pcd.o
HAL_PCD_EP_Close                                  build/debug/stm32f1xx_hal_pcd.o
HAL_PCD_EP_ClrStall                               build/debug/stm32f1xx_hal_pcd.o
HAL_PCD_EP_Flush                                  build/debug/stm32f1xx_hal_pcd.o
HAL_PCD_EP_GetRxCount                             build/debug/stm32f1xx_hal_pcd.o
HAL_PCD_EP_Open                                   build/debug/stm32f1xx_hal_pcd.o
HAL_PCD_EP_Receive                                build/debug/stm32f1xx_hal_pcd.o
HAL_PCD_EP_SetStall                               build/debug/stm32f1xx_hal_pcd.o
HAL_PCD_EP_Transmit                               build/debug/stm32f1xx_hal_pcd.o
HAL_PCD_GetState                                  build/debug/stm32f1xx_hal_pcd.o
HAL_PCD_IRQHandler                                build/debug/stm32f1xx_hal_pcd.o
HAL_PCD_ISOINIncompleteCallback                   build/debug/stm32f1xx_hal_pcd.o
HAL_PCD_ISOOUTIncompleteCallback                  build/debug/stm32f1xx_hal_pcd.o
HAL_PCD_Init                                      build/debug/stm32f1xx_hal_pcd.o
                                                  build/debug/main.o
HAL_PCD_MspDeInit                                 build/debug/stm32f1xx_hal_msp.o
HAL_PCD_MspInit                                   build/debug/stm32f1xx_hal_msp.o
HAL_PCD_ResetCallback                             build/debug/stm32f1xx_hal_pcd.o
HAL_PCD_ResumeCallback                            build/debug/stm32f1xx_hal_pcd.o
HAL_PCD_SOFCallback                               build/debug/stm32f1xx_hal_pcd.o
HAL_PCD_SetAddress                                build/debug/stm32f1xx_hal_pcd.o
HAL_PCD_SetupStageCallback                        build/debug/stm32f1xx_hal_pcd.o
HAL_PCD_Start                                     build/debug/stm32f1xx_hal_pcd.o
HAL_PCD_Stop                                      build/debug/stm32f1xx_hal_pcd.o
HAL_PCD_SuspendCallback                           build/debug/stm32f1xx_hal_pcd.o
HAL_PCD_WKUP_IRQHandler                           build/debug/stm32f1xx_hal_pcd.o
HAL_PWR_ConfigPVD                                 build/debug/stm32f1xx_hal_pwr.o
HAL_PWR_DeInit                                    build/debug/stm32f1xx_hal_pwr.o
HAL_PWR_DisableBkUpAccess                         build/debug/stm32f1xx_hal_pwr.o
HAL_PWR_DisablePVD                                build/debug/stm32f1xx_hal_pwr.o
HAL_PWR_DisableSEVOnPend                          build/debug/stm32f1xx_hal_pwr.o
HAL_PWR_DisableSleepOnExit                        build/debug/stm32f1xx_hal_pwr.o
HAL_PWR_DisableWakeUpPin                          build/debug/stm32f1xx_hal_pwr.o
HAL_PWR_EnableBkUpAccess                          build/debug/stm32f1xx_hal_pwr.o
HAL_PWR_EnablePVD                                 build/debug/stm32f1xx_hal_pwr.o
HAL_PWR_EnableSEVOnPend                           build/debug/stm32f1xx_hal_pwr.o
HAL_PWR_EnableSleepOnExit                         build/debug/stm32f1xx_hal_pwr.o
HAL_PWR_EnableWakeUpPin                           build/debug/stm32f1xx_hal_pwr.o
HAL_PWR_EnterSLEEPMode                            build/debug/stm32f1xx_hal_pwr.o
HAL_PWR_EnterSTANDBYMode                          build/debug/stm32f1xx_hal_pwr.o
HAL_PWR_EnterSTOPMode                             build/debug/stm32f1xx_hal_pwr.o
HAL_PWR_PVDCallback                               build/debug/stm32f1xx_hal_pwr.o
HAL_PWR_PVD_IRQHandler                            build/debug/stm32f1xx_hal_pwr.o
HAL_RCCEx_GetPeriphCLKConfig                      build/debug/stm32f1xx_hal_rcc_ex.o
HAL_RCCEx_GetPeriphCLKFreq                        build/debug/stm32f1xx_hal_rcc_ex.o
HAL_RCCEx_PeriphCLKConfig                         build/debug/stm32f1xx_hal_rcc_ex.o
                                                  build/debug/main.o
HAL_RCC_CSSCallback                               build/debug/stm32f1xx_hal_rcc.o
HAL_RCC_ClockConfig                               build/debug/stm32f1xx_hal_rcc.o
                                                  build/debug/main.o
HAL_RCC_DeInit                                    build/debug/stm32f1xx_hal_rcc.o
HAL_RCC_DisableCSS                                build/debug/stm32f1xx_hal_rcc.o
HAL_RCC_EnableCSS                                 build/debug/stm32f1xx_hal_rcc.o
HAL_RCC_GetClockConfig                            build/debug/stm32f1xx_hal_rcc.o
HAL_RCC_GetHCLKFreq                               build/debug/stm32f1xx_hal_rcc.o
HAL_RCC_GetOscConfig                              build/debug/stm32f1xx_hal_rcc.o
HAL_RCC_GetPCLK1Freq                              build/debug/stm32f1xx_hal_rcc.o
HAL_RCC_GetPCLK2Freq                              build/debug/stm32f1xx_hal_rcc.o
                                                  build/debug/stm32f1xx_hal_rcc_ex.o
HAL_RCC_GetSysClockFreq                           build/debug/stm32f1xx_hal_rcc.o
HAL_RCC_MCOConfig                                 build/debug/stm32f1xx_hal_rcc.o
HAL_RCC_NMI_IRQHandler                            build/debug/stm32f1xx_hal_rcc.o
HAL_RCC_OscConfig                                 build/debug/stm32f1xx_hal_rcc.o
                                                  build/debug/main.o
HAL_ResumeTick                                    build/debug/stm32f1xx_hal.o
HAL_SYSTICK_CLKSourceConfig                       build/debug/stm32f1xx_hal_cortex.o
HAL_SYSTICK_Callback                              build/debug/stm32f1xx_hal_cortex.o
HAL_SYSTICK_Config                                build/debug/stm32f1xx_hal_cortex.o
                                                  build/debug/stm32f1xx_hal.o
HAL_SYSTICK_IRQHandler                            build/debug/stm32f1xx_hal_cortex.o
HAL_SetTickFreq                                   build/debug/stm32f1xx_hal.o
HAL_SuspendTick                                   build/debug/stm32f1xx_hal.o
HardFault_Handler                                 build/debug/stm32f1xx_it.o
I2C1_ER_IRQHandler                                build/debug/startup_stm32f103xb.o
I2C1_EV_IRQHandler                                build/debug/startup_stm32f103xb.o
I2C2_ER_IRQHandler                                build/debug/startup_stm32f103xb.o
I2C2_EV_IRQHandler                                build/debug/startup_stm32f103xb.o
MemManage_Handler                                 build/debug/stm32f1xx_it.o
NMI_Handler                                       build/debug/stm32f1xx_it.o
PVD_IRQHandler                                    build/debug/startup_stm32f103xb.o
PendSV_Handler                                    build/debug/stm32f1xx_it.o
RCC_IRQHandler                                    build/debug/startup_stm32f103xb.o
RTC_Alarm_IRQHandler                              build/debug/startup_stm32f103xb.o
RTC_IRQHandler                                    build/debug/startup_stm32f103xb.o
Reset_Handler                                     build/debug/startup_stm32f103xb.o
SPI1_IRQHandler                                   build/debug/startup_stm32f103xb.o
SPI2_IRQHandler                                   build/debug/startup_stm32f103xb.o
SVC_Handler                                       build/debug/stm32f1xx_it.o
SysTick_Handler                                   build/debug/stm32f1xx_it.o
SystemClock_Config                                build/debug/main.o
SystemCoreClock                                   build/debug/system_stm32f1xx.o
                                                  build/debug/stm32f1xx_hal_rcc.o
                                                  build/debug/stm32f1xx_hal.o
SystemCoreClockUpdate                             build/debug/system_stm32f1xx.o
SystemInit                                        build/debug/system_stm32f1xx.o
                                                  build/debug/startup_stm32f103xb.o
TAMPER_IRQHandler                                 build/debug/startup_stm32f103xb.o
TIM1_BRK_IRQHandler                               build/debug/startup_stm32f103xb.o
TIM1_CC_IRQHandler                                build/debug/startup_stm32f103xb.o
TIM1_TRG_COM_IRQHandler                           build/debug/startup_stm32f103xb.o
TIM1_UP_IRQHandler                                build/debug/startup_stm32f103xb.o
TIM2_IRQHandler                                   build/debug/startup_stm32f103xb.o
TIM3_IRQHandler                                   build/debug/startup_stm32f103xb.o
TIM4_IRQHandler                                   build/debug/startup_stm32f103xb.o
USART1_IRQHandler                                 build/debug/startup_stm32f103xb.o
USART2_IRQHandler                                 build/debug/startup_stm32f103xb.o
USART3_IRQHandler                                 build/debug/startup_stm32f103xb.o
USBWakeUp_IRQHandler                              build/debug/startup_stm32f103xb.o
USB_ActivateEndpoint                              build/debug/stm32f1xx_ll_usb.o
                                                  build/debug/stm32f1xx_hal_pcd.o
USB_ActivateRemoteWakeup                          build/debug/stm32f1xx_ll_usb.o
                                                  build/debug/stm32f1xx_hal_pcd.o
USB_ClearInterrupts                               build/debug/stm32f1xx_ll_usb.o
USB_CoreInit                                      build/debug/stm32f1xx_ll_usb.o
                                                  build/debug/stm32f1xx_hal_pcd.o
USB_DeActivateRemoteWakeup                        build/debug/stm32f1xx_ll_usb.o
                                                  build/debug/stm32f1xx_hal_pcd.o
USB_DeactivateEndpoint                            build/debug/stm32f1xx_ll_usb.o
                                                  build/debug/stm32f1xx_hal_pcd.o
USB_DevConnect                                    build/debug/stm32f1xx_ll_usb.o
                                                  build/debug/stm32f1xx_hal_pcd.o
USB_DevDisconnect                                 build/debug/stm32f1xx_ll_usb.o
                                                  build/debug/stm32f1xx_hal_pcd.o
USB_DevInit                                       build/debug/stm32f1xx_ll_usb.o
                                                  build/debug/stm32f1xx_hal_pcd.o
USB_DisableGlobalInt                              build/debug/stm32f1xx_ll_usb.o
                                                  build/debug/stm32f1xx_hal_pcd.o
USB_EP0_OutStart                                  build/debug/stm32f1xx_ll_usb.o
                                                  build/debug/stm32f1xx_hal_pcd.o
USB_EPClearStall                                  build/debug/stm32f1xx_ll_usb.o
                                                  build/debug/stm32f1xx_hal_pcd.o
USB_EPSetStall                                    build/debug/stm32f1xx_ll_usb.o
                                                  build/debug/stm32f1xx_hal_pcd.o
USB_EPStartXfer                                   build/debug/stm32f1xx_ll_usb.o
                                                  build/debug/stm32f1xx_hal_pcd.o
USB_EPStopXfer                                    build/debug/stm32f1xx_ll_usb.o
                                                  build/debug/stm32f1xx_hal_pcd.o
USB_EnableGlobalInt                               build/debug/stm32f1xx_ll_usb.o
                                                  build/debug/stm32f1xx_hal_pcd.o
USB_FlushRxFifo                                   build/debug/stm32f1xx_ll_usb.o
                                                  build/debug/stm32f1xx_hal_pcd.o
USB_FlushTxFifo                                   build/debug/stm32f1xx_ll_usb.o
                                                  build/debug/stm32f1xx_hal_pcd.o
USB_HP_CAN1_TX_IRQHandler                         build/debug/startup_stm32f103xb.o
USB_LP_CAN1_RX0_IRQHandler                        build/debug/startup_stm32f103xb.o
USB_ReadDevAllInEpInterrupt                       build/debug/stm32f1xx_ll_usb.o
USB_ReadDevAllOutEpInterrupt                      build/debug/stm32f1xx_ll_usb.o
USB_ReadDevInEPInterrupt                          build/debug/stm32f1xx_ll_usb.o
USB_ReadDevOutEPInterrupt                         build/debug/stm32f1xx_ll_usb.o
USB_ReadInterrupts                                build/debug/stm32f1xx_ll_usb.o
                                                  build/debug/stm32f1xx_hal_pcd.o
USB_ReadPMA                                       build/debug/stm32f1xx_ll_usb.o
                                                  build/debug/stm32f1xx_hal_pcd.o
USB_SetCurrentMode                                build/debug/stm32f1xx_ll_usb.o
                                                  build/debug/stm32f1xx_hal_pcd.o
USB_SetDevAddress                                 build/debug/stm32f1xx_ll_usb.o
                                                  build/debug/stm32f1xx_hal_pcd.o
USB_StopDevice                                    build/debug/stm32f1xx_ll_usb.o
                                                  build/debug/stm32f1xx_hal_pcd.o
USB_WritePMA                                      build/debug/stm32f1xx_ll_usb.o
                                                  build/debug/stm32f1xx_hal_pcd.o
UsageFault_Handler                                build/debug/stm32f1xx_it.o
WWDG_IRQHandler                                   build/debug/startup_stm32f103xb.o
_Min_Stack_Size                                   build/debug/sysmem.o
__atexit                                          c:/Users/jc/AppData/Roaming/Code/User/globalStorage/bmd.stm32-for-vscode/@xpack-dev-tools/arm-none-eabi-gcc/14.2.1-1.1.1/.content/bin/../lib/gcc/arm-none-eabi/14.2.1/../../../../arm-none-eabi/lib/thumb/v7-m/nofp\libc_nano.a(libc_a-__call_atexit.o)
                                                  c:/Users/jc/AppData/Roaming/Code/User/globalStorage/bmd.stm32-for-vscode/@xpack-dev-tools/arm-none-eabi-gcc/14.2.1-1.1.1/.content/bin/../lib/gcc/arm-none-eabi/14.2.1/../../../../arm-none-eabi/lib/thumb/v7-m/nofp\libc_nano.a(libc_a-__atexit.o)
__atexit0                                         c:/Users/jc/AppData/Roaming/Code/User/globalStorage/bmd.stm32-for-vscode/@xpack-dev-tools/arm-none-eabi-gcc/14.2.1-1.1.1/.content/bin/../lib/gcc/arm-none-eabi/14.2.1/../../../../arm-none-eabi/lib/thumb/v7-m/nofp\libc_nano.a(libc_a-__atexit.o)
__atexit_dummy                                    c:/Users/jc/AppData/Roaming/Code/User/globalStorage/bmd.stm32-for-vscode/@xpack-dev-tools/arm-none-eabi-gcc/14.2.1-1.1.1/.content/bin/../lib/gcc/arm-none-eabi/14.2.1/../../../../arm-none-eabi/lib/thumb/v7-m/nofp\libc_nano.a(libc_a-__atexit.o)
__atexit_recursive_mutex                          c:/Users/jc/AppData/Roaming/Code/User/globalStorage/bmd.stm32-for-vscode/@xpack-dev-tools/arm-none-eabi-gcc/14.2.1-1.1.1/.content/bin/../lib/gcc/arm-none-eabi/14.2.1/../../../../arm-none-eabi/lib/thumb/v7-m/nofp\libc_nano.a(libc_a-__call_atexit.o)
                                                  c:/Users/jc/AppData/Roaming/Code/User/globalStorage/bmd.stm32-for-vscode/@xpack-dev-tools/arm-none-eabi-gcc/14.2.1-1.1.1/.content/bin/../lib/gcc/arm-none-eabi/14.2.1/../../../../arm-none-eabi/lib/thumb/v7-m/nofp\libc_nano.a(libc_a-__atexit.o)
__bss_end__                                       c:/Users/jc/AppData/Roaming/Code/User/globalStorage/bmd.stm32-for-vscode/@xpack-dev-tools/arm-none-eabi-gcc/14.2.1-1.1.1/.content/bin/../lib/gcc/arm-none-eabi/14.2.1/../../../../arm-none-eabi/lib/thumb/v7-m/nofp/crt0.o
__bss_start__                                     c:/Users/jc/AppData/Roaming/Code/User/globalStorage/bmd.stm32-for-vscode/@xpack-dev-tools/arm-none-eabi-gcc/14.2.1-1.1.1/.content/bin/../lib/gcc/arm-none-eabi/14.2.1/../../../../arm-none-eabi/lib/thumb/v7-m/nofp/crt0.o
__call_exitprocs                                  c:/Users/jc/AppData/Roaming/Code/User/globalStorage/bmd.stm32-for-vscode/@xpack-dev-tools/arm-none-eabi-gcc/14.2.1-1.1.1/.content/bin/../lib/gcc/arm-none-eabi/14.2.1/../../../../arm-none-eabi/lib/thumb/v7-m/nofp\libc_nano.a(libc_a-__call_atexit.o)
                                                  c:/Users/jc/AppData/Roaming/Code/User/globalStorage/bmd.stm32-for-vscode/@xpack-dev-tools/arm-none-eabi-gcc/14.2.1-1.1.1/.content/bin/../lib/gcc/arm-none-eabi/14.2.1/../../../../arm-none-eabi/lib/thumb/v7-m/nofp\libc_nano.a(libc_a-__atexit.o)
                                                  c:/Users/jc/AppData/Roaming/Code/User/globalStorage/bmd.stm32-for-vscode/@xpack-dev-tools/arm-none-eabi-gcc/14.2.1-1.1.1/.content/bin/../lib/gcc/arm-none-eabi/14.2.1/../../../../arm-none-eabi/lib/thumb/v7-m/nofp\libc_nano.a(libc_a-exit.o)
__deregister_frame_info                           c:/Users/jc/AppData/Roaming/Code/User/globalStorage/bmd.stm32-for-vscode/@xpack-dev-tools/arm-none-eabi-gcc/14.2.1-1.1.1/.content/bin/../lib/gcc/arm-none-eabi/14.2.1/thumb/v7-m/nofp/crtbegin.o
__dso_handle                                      c:/Users/jc/AppData/Roaming/Code/User/globalStorage/bmd.stm32-for-vscode/@xpack-dev-tools/arm-none-eabi-gcc/14.2.1-1.1.1/.content/bin/../lib/gcc/arm-none-eabi/14.2.1/thumb/v7-m/nofp/crtbegin.o
__env                                             build/debug/syscalls.o
__errno                                           c:/Users/jc/AppData/Roaming/Code/User/globalStorage/bmd.stm32-for-vscode/@xpack-dev-tools/arm-none-eabi-gcc/14.2.1-1.1.1/.content/bin/../lib/gcc/arm-none-eabi/14.2.1/../../../../arm-none-eabi/lib/thumb/v7-m/nofp\libc_nano.a(libc_a-errno.o)
                                                  build/debug/sysmem.o
                                                  build/debug/syscalls.o
__fini_array_end                                  c:/Users/jc/AppData/Roaming/Code/User/globalStorage/bmd.stm32-for-vscode/@xpack-dev-tools/arm-none-eabi-gcc/14.2.1-1.1.1/.content/bin/../lib/gcc/arm-none-eabi/14.2.1/../../../../arm-none-eabi/lib/thumb/v7-m/nofp\libc_nano.a(libc_a-fini.o)
__fini_array_start                                c:/Users/jc/AppData/Roaming/Code/User/globalStorage/bmd.stm32-for-vscode/@xpack-dev-tools/arm-none-eabi-gcc/14.2.1-1.1.1/.content/bin/../lib/gcc/arm-none-eabi/14.2.1/../../../../arm-none-eabi/lib/thumb/v7-m/nofp\libc_nano.a(libc_a-fini.o)
__fp_lock_all                                     c:/Users/jc/AppData/Roaming/Code/User/globalStorage/bmd.stm32-for-vscode/@xpack-dev-tools/arm-none-eabi-gcc/14.2.1-1.1.1/.content/bin/../lib/gcc/arm-none-eabi/14.2.1/../../../../arm-none-eabi/lib/thumb/v7-m/nofp\libc_nano.a(libc_a-findfp.o)
__fp_unlock_all                                   c:/Users/jc/AppData/Roaming/Code/User/globalStorage/bmd.stm32-for-vscode/@xpack-dev-tools/arm-none-eabi-gcc/14.2.1-1.1.1/.content/bin/../lib/gcc/arm-none-eabi/14.2.1/../../../../arm-none-eabi/lib/thumb/v7-m/nofp\libc_nano.a(libc_a-findfp.o)
__init_array_end                                  c:/Users/jc/AppData/Roaming/Code/User/globalStorage/bmd.stm32-for-vscode/@xpack-dev-tools/arm-none-eabi-gcc/14.2.1-1.1.1/.content/bin/../lib/gcc/arm-none-eabi/14.2.1/../../../../arm-none-eabi/lib/thumb/v7-m/nofp\libc_nano.a(libc_a-init.o)
__init_array_start                                c:/Users/jc/AppData/Roaming/Code/User/globalStorage/bmd.stm32-for-vscode/@xpack-dev-tools/arm-none-eabi-gcc/14.2.1-1.1.1/.content/bin/../lib/gcc/arm-none-eabi/14.2.1/../../../../arm-none-eabi/lib/thumb/v7-m/nofp\libc_nano.a(libc_a-init.o)
__io_getchar                                      build/debug/syscalls.o
__io_putchar                                      build/debug/syscalls.o
__libc_fini_array                                 c:/Users/jc/AppData/Roaming/Code/User/globalStorage/bmd.stm32-for-vscode/@xpack-dev-tools/arm-none-eabi-gcc/14.2.1-1.1.1/.content/bin/../lib/gcc/arm-none-eabi/14.2.1/../../../../arm-none-eabi/lib/thumb/v7-m/nofp\libc_nano.a(libc_a-fini.o)
                                                  c:/Users/jc/AppData/Roaming/Code/User/globalStorage/bmd.stm32-for-vscode/@xpack-dev-tools/arm-none-eabi-gcc/14.2.1-1.1.1/.content/bin/../lib/gcc/arm-none-eabi/14.2.1/../../../../arm-none-eabi/lib/thumb/v7-m/nofp/crt0.o
__libc_init_array                                 c:/Users/jc/AppData/Roaming/Code/User/globalStorage/bmd.stm32-for-vscode/@xpack-dev-tools/arm-none-eabi-gcc/14.2.1-1.1.1/.content/bin/../lib/gcc/arm-none-eabi/14.2.1/../../../../arm-none-eabi/lib/thumb/v7-m/nofp\libc_nano.a(libc_a-init.o)
                                                  build/debug/startup_stm32f103xb.o
                                                  c:/Users/jc/AppData/Roaming/Code/User/globalStorage/bmd.stm32-for-vscode/@xpack-dev-tools/arm-none-eabi-gcc/14.2.1-1.1.1/.content/bin/../lib/gcc/arm-none-eabi/14.2.1/../../../../arm-none-eabi/lib/thumb/v7-m/nofp/crt0.o
__lock___arc4random_mutex                         c:/Users/jc/AppData/Roaming/Code/User/globalStorage/bmd.stm32-for-vscode/@xpack-dev-tools/arm-none-eabi-gcc/14.2.1-1.1.1/.content/bin/../lib/gcc/arm-none-eabi/14.2.1/../../../../arm-none-eabi/lib/thumb/v7-m/nofp\libc_nano.a(libc_a-lock.o)
__lock___at_quick_exit_mutex                      c:/Users/jc/AppData/Roaming/Code/User/globalStorage/bmd.stm32-for-vscode/@xpack-dev-tools/arm-none-eabi-gcc/14.2.1-1.1.1/.content/bin/../lib/gcc/arm-none-eabi/14.2.1/../../../../arm-none-eabi/lib/thumb/v7-m/nofp\libc_nano.a(libc_a-lock.o)
__lock___atexit_recursive_mutex                   c:/Users/jc/AppData/Roaming/Code/User/globalStorage/bmd.stm32-for-vscode/@xpack-dev-tools/arm-none-eabi-gcc/14.2.1-1.1.1/.content/bin/../lib/gcc/arm-none-eabi/14.2.1/../../../../arm-none-eabi/lib/thumb/v7-m/nofp\libc_nano.a(libc_a-lock.o)
                                                  c:/Users/jc/AppData/Roaming/Code/User/globalStorage/bmd.stm32-for-vscode/@xpack-dev-tools/arm-none-eabi-gcc/14.2.1-1.1.1/.content/bin/../lib/gcc/arm-none-eabi/14.2.1/../../../../arm-none-eabi/lib/thumb/v7-m/nofp\libc_nano.a(libc_a-__call_atexit.o)
__lock___dd_hash_mutex                            c:/Users/jc/AppData/Roaming/Code/User/globalStorage/bmd.stm32-for-vscode/@xpack-dev-tools/arm-none-eabi-gcc/14.2.1-1.1.1/.content/bin/../lib/gcc/arm-none-eabi/14.2.1/../../../../arm-none-eabi/lib/thumb/v7-m/nofp\libc_nano.a(libc_a-lock.o)
__lock___env_recursive_mutex                      c:/Users/jc/AppData/Roaming/Code/User/globalStorage/bmd.stm32-for-vscode/@xpack-dev-tools/arm-none-eabi-gcc/14.2.1-1.1.1/.content/bin/../lib/gcc/arm-none-eabi/14.2.1/../../../../arm-none-eabi/lib/thumb/v7-m/nofp\libc_nano.a(libc_a-lock.o)
__lock___malloc_recursive_mutex                   c:/Users/jc/AppData/Roaming/Code/User/globalStorage/bmd.stm32-for-vscode/@xpack-dev-tools/arm-none-eabi-gcc/14.2.1-1.1.1/.content/bin/../lib/gcc/arm-none-eabi/14.2.1/../../../../arm-none-eabi/lib/thumb/v7-m/nofp\libc_nano.a(libc_a-lock.o)
                                                  c:/Users/jc/AppData/Roaming/Code/User/globalStorage/bmd.stm32-for-vscode/@xpack-dev-tools/arm-none-eabi-gcc/14.2.1-1.1.1/.content/bin/../lib/gcc/arm-none-eabi/14.2.1/../../../../arm-none-eabi/lib/thumb/v7-m/nofp\libc_nano.a(libc_a-mlock.o)
__lock___sfp_recursive_mutex                      c:/Users/jc/AppData/Roaming/Code/User/globalStorage/bmd.stm32-for-vscode/@xpack-dev-tools/arm-none-eabi-gcc/14.2.1-1.1.1/.content/bin/../lib/gcc/arm-none-eabi/14.2.1/../../../../arm-none-eabi/lib/thumb/v7-m/nofp\libc_nano.a(libc_a-lock.o)
                                                  c:/Users/jc/AppData/Roaming/Code/User/globalStorage/bmd.stm32-for-vscode/@xpack-dev-tools/arm-none-eabi-gcc/14.2.1-1.1.1/.content/bin/../lib/gcc/arm-none-eabi/14.2.1/../../../../arm-none-eabi/lib/thumb/v7-m/nofp\libc_nano.a(libc_a-findfp.o)
__lock___tz_mutex                                 c:/Users/jc/AppData/Roaming/Code/User/globalStorage/bmd.stm32-for-vscode/@xpack-dev-tools/arm-none-eabi-gcc/14.2.1-1.1.1/.content/bin/../lib/gcc/arm-none-eabi/14.2.1/../../../../arm-none-eabi/lib/thumb/v7-m/nofp\libc_nano.a(libc_a-lock.o)
__malloc_free_list                                c:/Users/jc/AppData/Roaming/Code/User/globalStorage/bmd.stm32-for-vscode/@xpack-dev-tools/arm-none-eabi-gcc/14.2.1-1.1.1/.content/bin/../lib/gcc/arm-none-eabi/14.2.1/../../../../arm-none-eabi/lib/thumb/v7-m/nofp\libc_nano.a(libc_a-mallocr.o)
                                                  c:/Users/jc/AppData/Roaming/Code/User/globalStorage/bmd.stm32-for-vscode/@xpack-dev-tools/arm-none-eabi-gcc/14.2.1-1.1.1/.content/bin/../lib/gcc/arm-none-eabi/14.2.1/../../../../arm-none-eabi/lib/thumb/v7-m/nofp\libc_nano.a(libc_a-freer.o)
__malloc_lock                                     c:/Users/jc/AppData/Roaming/Code/User/globalStorage/bmd.stm32-for-vscode/@xpack-dev-tools/arm-none-eabi-gcc/14.2.1-1.1.1/.content/bin/../lib/gcc/arm-none-eabi/14.2.1/../../../../arm-none-eabi/lib/thumb/v7-m/nofp\libc_nano.a(libc_a-mlock.o)
                                                  c:/Users/jc/AppData/Roaming/Code/User/globalStorage/bmd.stm32-for-vscode/@xpack-dev-tools/arm-none-eabi-gcc/14.2.1-1.1.1/.content/bin/../lib/gcc/arm-none-eabi/14.2.1/../../../../arm-none-eabi/lib/thumb/v7-m/nofp\libc_nano.a(libc_a-mallocr.o)
                                                  c:/Users/jc/AppData/Roaming/Code/User/globalStorage/bmd.stm32-for-vscode/@xpack-dev-tools/arm-none-eabi-gcc/14.2.1-1.1.1/.content/bin/../lib/gcc/arm-none-eabi/14.2.1/../../../../arm-none-eabi/lib/thumb/v7-m/nofp\libc_nano.a(libc_a-freer.o)
__malloc_sbrk_start                               c:/Users/jc/AppData/Roaming/Code/User/globalStorage/bmd.stm32-for-vscode/@xpack-dev-tools/arm-none-eabi-gcc/14.2.1-1.1.1/.content/bin/../lib/gcc/arm-none-eabi/14.2.1/../../../../arm-none-eabi/lib/thumb/v7-m/nofp\libc_nano.a(libc_a-mallocr.o)
__malloc_unlock                                   c:/Users/jc/AppData/Roaming/Code/User/globalStorage/bmd.stm32-for-vscode/@xpack-dev-tools/arm-none-eabi-gcc/14.2.1-1.1.1/.content/bin/../lib/gcc/arm-none-eabi/14.2.1/../../../../arm-none-eabi/lib/thumb/v7-m/nofp\libc_nano.a(libc_a-mlock.o)
                                                  c:/Users/jc/AppData/Roaming/Code/User/globalStorage/bmd.stm32-for-vscode/@xpack-dev-tools/arm-none-eabi-gcc/14.2.1-1.1.1/.content/bin/../lib/gcc/arm-none-eabi/14.2.1/../../../../arm-none-eabi/lib/thumb/v7-m/nofp\libc_nano.a(libc_a-mallocr.o)
                                                  c:/Users/jc/AppData/Roaming/Code/User/globalStorage/bmd.stm32-for-vscode/@xpack-dev-tools/arm-none-eabi-gcc/14.2.1-1.1.1/.content/bin/../lib/gcc/arm-none-eabi/14.2.1/../../../../arm-none-eabi/lib/thumb/v7-m/nofp\libc_nano.a(libc_a-freer.o)
__on_exit_args                                    c:/Users/jc/AppData/Roaming/Code/User/globalStorage/bmd.stm32-for-vscode/@xpack-dev-tools/arm-none-eabi-gcc/14.2.1-1.1.1/.content/bin/../lib/gcc/arm-none-eabi/14.2.1/../../../../arm-none-eabi/lib/thumb/v7-m/nofp\libc_nano.a(libc_a-__atexit.o)
__preinit_array_end                               c:/Users/jc/AppData/Roaming/Code/User/globalStorage/bmd.stm32-for-vscode/@xpack-dev-tools/arm-none-eabi-gcc/14.2.1-1.1.1/.content/bin/../lib/gcc/arm-none-eabi/14.2.1/../../../../arm-none-eabi/lib/thumb/v7-m/nofp\libc_nano.a(libc_a-init.o)
__preinit_array_start                             c:/Users/jc/AppData/Roaming/Code/User/globalStorage/bmd.stm32-for-vscode/@xpack-dev-tools/arm-none-eabi-gcc/14.2.1-1.1.1/.content/bin/../lib/gcc/arm-none-eabi/14.2.1/../../../../arm-none-eabi/lib/thumb/v7-m/nofp\libc_nano.a(libc_a-init.o)
__register_exitproc                               c:/Users/jc/AppData/Roaming/Code/User/globalStorage/bmd.stm32-for-vscode/@xpack-dev-tools/arm-none-eabi-gcc/14.2.1-1.1.1/.content/bin/../lib/gcc/arm-none-eabi/14.2.1/../../../../arm-none-eabi/lib/thumb/v7-m/nofp\libc_nano.a(libc_a-__atexit.o)
                                                  c:/Users/jc/AppData/Roaming/Code/User/globalStorage/bmd.stm32-for-vscode/@xpack-dev-tools/arm-none-eabi-gcc/14.2.1-1.1.1/.content/bin/../lib/gcc/arm-none-eabi/14.2.1/../../../../arm-none-eabi/lib/thumb/v7-m/nofp\libc_nano.a(libc_a-atexit.o)
__register_frame_info                             c:/Users/jc/AppData/Roaming/Code/User/globalStorage/bmd.stm32-for-vscode/@xpack-dev-tools/arm-none-eabi-gcc/14.2.1-1.1.1/.content/bin/../lib/gcc/arm-none-eabi/14.2.1/thumb/v7-m/nofp/crtbegin.o
__retarget_lock_acquire                           c:/Users/jc/AppData/Roaming/Code/User/globalStorage/bmd.stm32-for-vscode/@xpack-dev-tools/arm-none-eabi-gcc/14.2.1-1.1.1/.content/bin/../lib/gcc/arm-none-eabi/14.2.1/../../../../arm-none-eabi/lib/thumb/v7-m/nofp\libc_nano.a(libc_a-lock.o)
__retarget_lock_acquire_recursive                 c:/Users/jc/AppData/Roaming/Code/User/globalStorage/bmd.stm32-for-vscode/@xpack-dev-tools/arm-none-eabi-gcc/14.2.1-1.1.1/.content/bin/../lib/gcc/arm-none-eabi/14.2.1/../../../../arm-none-eabi/lib/thumb/v7-m/nofp\libc_nano.a(libc_a-lock.o)
                                                  c:/Users/jc/AppData/Roaming/Code/User/globalStorage/bmd.stm32-for-vscode/@xpack-dev-tools/arm-none-eabi-gcc/14.2.1-1.1.1/.content/bin/../lib/gcc/arm-none-eabi/14.2.1/../../../../arm-none-eabi/lib/thumb/v7-m/nofp\libc_nano.a(libc_a-fflush.o)
                                                  c:/Users/jc/AppData/Roaming/Code/User/globalStorage/bmd.stm32-for-vscode/@xpack-dev-tools/arm-none-eabi-gcc/14.2.1-1.1.1/.content/bin/../lib/gcc/arm-none-eabi/14.2.1/../../../../arm-none-eabi/lib/thumb/v7-m/nofp\libc_nano.a(libc_a-mlock.o)
                                                  c:/Users/jc/AppData/Roaming/Code/User/globalStorage/bmd.stm32-for-vscode/@xpack-dev-tools/arm-none-eabi-gcc/14.2.1-1.1.1/.content/bin/../lib/gcc/arm-none-eabi/14.2.1/../../../../arm-none-eabi/lib/thumb/v7-m/nofp\libc_nano.a(libc_a-__call_atexit.o)
                                                  c:/Users/jc/AppData/Roaming/Code/User/globalStorage/bmd.stm32-for-vscode/@xpack-dev-tools/arm-none-eabi-gcc/14.2.1-1.1.1/.content/bin/../lib/gcc/arm-none-eabi/14.2.1/../../../../arm-none-eabi/lib/thumb/v7-m/nofp\libc_nano.a(libc_a-__atexit.o)
                                                  c:/Users/jc/AppData/Roaming/Code/User/globalStorage/bmd.stm32-for-vscode/@xpack-dev-tools/arm-none-eabi-gcc/14.2.1-1.1.1/.content/bin/../lib/gcc/arm-none-eabi/14.2.1/../../../../arm-none-eabi/lib/thumb/v7-m/nofp\libc_nano.a(libc_a-findfp.o)
__retarget_lock_close                             c:/Users/jc/AppData/Roaming/Code/User/globalStorage/bmd.stm32-for-vscode/@xpack-dev-tools/arm-none-eabi-gcc/14.2.1-1.1.1/.content/bin/../lib/gcc/arm-none-eabi/14.2.1/../../../../arm-none-eabi/lib/thumb/v7-m/nofp\libc_nano.a(libc_a-lock.o)
__retarget_lock_close_recursive                   c:/Users/jc/AppData/Roaming/Code/User/globalStorage/bmd.stm32-for-vscode/@xpack-dev-tools/arm-none-eabi-gcc/14.2.1-1.1.1/.content/bin/../lib/gcc/arm-none-eabi/14.2.1/../../../../arm-none-eabi/lib/thumb/v7-m/nofp\libc_nano.a(libc_a-lock.o)
__retarget_lock_init                              c:/Users/jc/AppData/Roaming/Code/User/globalStorage/bmd.stm32-for-vscode/@xpack-dev-tools/arm-none-eabi-gcc/14.2.1-1.1.1/.content/bin/../lib/gcc/arm-none-eabi/14.2.1/../../../../arm-none-eabi/lib/thumb/v7-m/nofp\libc_nano.a(libc_a-lock.o)
__retarget_lock_init_recursive                    c:/Users/jc/AppData/Roaming/Code/User/globalStorage/bmd.stm32-for-vscode/@xpack-dev-tools/arm-none-eabi-gcc/14.2.1-1.1.1/.content/bin/../lib/gcc/arm-none-eabi/14.2.1/../../../../arm-none-eabi/lib/thumb/v7-m/nofp\libc_nano.a(libc_a-lock.o)
                                                  c:/Users/jc/AppData/Roaming/Code/User/globalStorage/bmd.stm32-for-vscode/@xpack-dev-tools/arm-none-eabi-gcc/14.2.1-1.1.1/.content/bin/../lib/gcc/arm-none-eabi/14.2.1/../../../../arm-none-eabi/lib/thumb/v7-m/nofp\libc_nano.a(libc_a-findfp.o)
__retarget_lock_release                           c:/Users/jc/AppData/Roaming/Code/User/globalStorage/bmd.stm32-for-vscode/@xpack-dev-tools/arm-none-eabi-gcc/14.2.1-1.1.1/.content/bin/../lib/gcc/arm-none-eabi/14.2.1/../../../../arm-none-eabi/lib/thumb/v7-m/nofp\libc_nano.a(libc_a-lock.o)
__retarget_lock_release_recursive                 c:/Users/jc/AppData/Roaming/Code/User/globalStorage/bmd.stm32-for-vscode/@xpack-dev-tools/arm-none-eabi-gcc/14.2.1-1.1.1/.content/bin/../lib/gcc/arm-none-eabi/14.2.1/../../../../arm-none-eabi/lib/thumb/v7-m/nofp\libc_nano.a(libc_a-lock.o)
                                                  c:/Users/jc/AppData/Roaming/Code/User/globalStorage/bmd.stm32-for-vscode/@xpack-dev-tools/arm-none-eabi-gcc/14.2.1-1.1.1/.content/bin/../lib/gcc/arm-none-eabi/14.2.1/../../../../arm-none-eabi/lib/thumb/v7-m/nofp\libc_nano.a(libc_a-fflush.o)
                                                  c:/Users/jc/AppData/Roaming/Code/User/globalStorage/bmd.stm32-for-vscode/@xpack-dev-tools/arm-none-eabi-gcc/14.2.1-1.1.1/.content/bin/../lib/gcc/arm-none-eabi/14.2.1/../../../../arm-none-eabi/lib/thumb/v7-m/nofp\libc_nano.a(libc_a-mlock.o)
                                                  c:/Users/jc/AppData/Roaming/Code/User/globalStorage/bmd.stm32-for-vscode/@xpack-dev-tools/arm-none-eabi-gcc/14.2.1-1.1.1/.content/bin/../lib/gcc/arm-none-eabi/14.2.1/../../../../arm-none-eabi/lib/thumb/v7-m/nofp\libc_nano.a(libc_a-__call_atexit.o)
                                                  c:/Users/jc/AppData/Roaming/Code/User/globalStorage/bmd.stm32-for-vscode/@xpack-dev-tools/arm-none-eabi-gcc/14.2.1-1.1.1/.content/bin/../lib/gcc/arm-none-eabi/14.2.1/../../../../arm-none-eabi/lib/thumb/v7-m/nofp\libc_nano.a(libc_a-__atexit.o)
                                                  c:/Users/jc/AppData/Roaming/Code/User/globalStorage/bmd.stm32-for-vscode/@xpack-dev-tools/arm-none-eabi-gcc/14.2.1-1.1.1/.content/bin/../lib/gcc/arm-none-eabi/14.2.1/../../../../arm-none-eabi/lib/thumb/v7-m/nofp\libc_nano.a(libc_a-findfp.o)
__retarget_lock_try_acquire                       c:/Users/jc/AppData/Roaming/Code/User/globalStorage/bmd.stm32-for-vscode/@xpack-dev-tools/arm-none-eabi-gcc/14.2.1-1.1.1/.content/bin/../lib/gcc/arm-none-eabi/14.2.1/../../../../arm-none-eabi/lib/thumb/v7-m/nofp\libc_nano.a(libc_a-lock.o)
__retarget_lock_try_acquire_recursive             c:/Users/jc/AppData/Roaming/Code/User/globalStorage/bmd.stm32-for-vscode/@xpack-dev-tools/arm-none-eabi-gcc/14.2.1-1.1.1/.content/bin/../lib/gcc/arm-none-eabi/14.2.1/../../../../arm-none-eabi/lib/thumb/v7-m/nofp\libc_nano.a(libc_a-lock.o)
__sclose                                          c:/Users/jc/AppData/Roaming/Code/User/globalStorage/bmd.stm32-for-vscode/@xpack-dev-tools/arm-none-eabi-gcc/14.2.1-1.1.1/.content/bin/../lib/gcc/arm-none-eabi/14.2.1/../../../../arm-none-eabi/lib/thumb/v7-m/nofp\libc_nano.a(libc_a-stdio.o)
                                                  c:/Users/jc/AppData/Roaming/Code/User/globalStorage/bmd.stm32-for-vscode/@xpack-dev-tools/arm-none-eabi-gcc/14.2.1-1.1.1/.content/bin/../lib/gcc/arm-none-eabi/14.2.1/../../../../arm-none-eabi/lib/thumb/v7-m/nofp\libc_nano.a(libc_a-findfp.o)
__seofread                                        c:/Users/jc/AppData/Roaming/Code/User/globalStorage/bmd.stm32-for-vscode/@xpack-dev-tools/arm-none-eabi-gcc/14.2.1-1.1.1/.content/bin/../lib/gcc/arm-none-eabi/14.2.1/../../../../arm-none-eabi/lib/thumb/v7-m/nofp\libc_nano.a(libc_a-stdio.o)
__sf                                              c:/Users/jc/AppData/Roaming/Code/User/globalStorage/bmd.stm32-for-vscode/@xpack-dev-tools/arm-none-eabi-gcc/14.2.1-1.1.1/.content/bin/../lib/gcc/arm-none-eabi/14.2.1/../../../../arm-none-eabi/lib/thumb/v7-m/nofp\libc_nano.a(libc_a-findfp.o)
                                                  c:/Users/jc/AppData/Roaming/Code/User/globalStorage/bmd.stm32-for-vscode/@xpack-dev-tools/arm-none-eabi-gcc/14.2.1-1.1.1/.content/bin/../lib/gcc/arm-none-eabi/14.2.1/../../../../arm-none-eabi/lib/thumb/v7-m/nofp\libc_nano.a(libc_a-impure.o)
__sflush_r                                        c:/Users/jc/AppData/Roaming/Code/User/globalStorage/bmd.stm32-for-vscode/@xpack-dev-tools/arm-none-eabi-gcc/14.2.1-1.1.1/.content/bin/../lib/gcc/arm-none-eabi/14.2.1/../../../../arm-none-eabi/lib/thumb/v7-m/nofp\libc_nano.a(libc_a-fflush.o)
__sfp                                             c:/Users/jc/AppData/Roaming/Code/User/globalStorage/bmd.stm32-for-vscode/@xpack-dev-tools/arm-none-eabi-gcc/14.2.1-1.1.1/.content/bin/../lib/gcc/arm-none-eabi/14.2.1/../../../../arm-none-eabi/lib/thumb/v7-m/nofp\libc_nano.a(libc_a-findfp.o)
__sfp_lock_acquire                                c:/Users/jc/AppData/Roaming/Code/User/globalStorage/bmd.stm32-for-vscode/@xpack-dev-tools/arm-none-eabi-gcc/14.2.1-1.1.1/.content/bin/../lib/gcc/arm-none-eabi/14.2.1/../../../../arm-none-eabi/lib/thumb/v7-m/nofp\libc_nano.a(libc_a-findfp.o)
__sfp_lock_release                                c:/Users/jc/AppData/Roaming/Code/User/globalStorage/bmd.stm32-for-vscode/@xpack-dev-tools/arm-none-eabi-gcc/14.2.1-1.1.1/.content/bin/../lib/gcc/arm-none-eabi/14.2.1/../../../../arm-none-eabi/lib/thumb/v7-m/nofp\libc_nano.a(libc_a-findfp.o)
__sglue                                           c:/Users/jc/AppData/Roaming/Code/User/globalStorage/bmd.stm32-for-vscode/@xpack-dev-tools/arm-none-eabi-gcc/14.2.1-1.1.1/.content/bin/../lib/gcc/arm-none-eabi/14.2.1/../../../../arm-none-eabi/lib/thumb/v7-m/nofp\libc_nano.a(libc_a-findfp.o)
                                                  c:/Users/jc/AppData/Roaming/Code/User/globalStorage/bmd.stm32-for-vscode/@xpack-dev-tools/arm-none-eabi-gcc/14.2.1-1.1.1/.content/bin/../lib/gcc/arm-none-eabi/14.2.1/../../../../arm-none-eabi/lib/thumb/v7-m/nofp\libc_nano.a(libc_a-fflush.o)
__sinit                                           c:/Users/jc/AppData/Roaming/Code/User/globalStorage/bmd.stm32-for-vscode/@xpack-dev-tools/arm-none-eabi-gcc/14.2.1-1.1.1/.content/bin/../lib/gcc/arm-none-eabi/14.2.1/../../../../arm-none-eabi/lib/thumb/v7-m/nofp\libc_nano.a(libc_a-findfp.o)
                                                  c:/Users/jc/AppData/Roaming/Code/User/globalStorage/bmd.stm32-for-vscode/@xpack-dev-tools/arm-none-eabi-gcc/14.2.1-1.1.1/.content/bin/../lib/gcc/arm-none-eabi/14.2.1/../../../../arm-none-eabi/lib/thumb/v7-m/nofp\libc_nano.a(libc_a-fflush.o)
__sread                                           c:/Users/jc/AppData/Roaming/Code/User/globalStorage/bmd.stm32-for-vscode/@xpack-dev-tools/arm-none-eabi-gcc/14.2.1-1.1.1/.content/bin/../lib/gcc/arm-none-eabi/14.2.1/../../../../arm-none-eabi/lib/thumb/v7-m/nofp\libc_nano.a(libc_a-stdio.o)
                                                  c:/Users/jc/AppData/Roaming/Code/User/globalStorage/bmd.stm32-for-vscode/@xpack-dev-tools/arm-none-eabi-gcc/14.2.1-1.1.1/.content/bin/../lib/gcc/arm-none-eabi/14.2.1/../../../../arm-none-eabi/lib/thumb/v7-m/nofp\libc_nano.a(libc_a-findfp.o)
__sseek                                           c:/Users/jc/AppData/Roaming/Code/User/globalStorage/bmd.stm32-for-vscode/@xpack-dev-tools/arm-none-eabi-gcc/14.2.1-1.1.1/.content/bin/../lib/gcc/arm-none-eabi/14.2.1/../../../../arm-none-eabi/lib/thumb/v7-m/nofp\libc_nano.a(libc_a-stdio.o)
                                                  c:/Users/jc/AppData/Roaming/Code/User/globalStorage/bmd.stm32-for-vscode/@xpack-dev-tools/arm-none-eabi-gcc/14.2.1-1.1.1/.content/bin/../lib/gcc/arm-none-eabi/14.2.1/../../../../arm-none-eabi/lib/thumb/v7-m/nofp\libc_nano.a(libc_a-findfp.o)
__stack                                           c:/Users/jc/AppData/Roaming/Code/User/globalStorage/bmd.stm32-for-vscode/@xpack-dev-tools/arm-none-eabi-gcc/14.2.1-1.1.1/.content/bin/../lib/gcc/arm-none-eabi/14.2.1/../../../../arm-none-eabi/lib/thumb/v7-m/nofp/crt0.o
__stdio_exit_handler                              c:/Users/jc/AppData/Roaming/Code/User/globalStorage/bmd.stm32-for-vscode/@xpack-dev-tools/arm-none-eabi-gcc/14.2.1-1.1.1/.content/bin/../lib/gcc/arm-none-eabi/14.2.1/../../../../arm-none-eabi/lib/thumb/v7-m/nofp\libc_nano.a(libc_a-findfp.o)
                                                  c:/Users/jc/AppData/Roaming/Code/User/globalStorage/bmd.stm32-for-vscode/@xpack-dev-tools/arm-none-eabi-gcc/14.2.1-1.1.1/.content/bin/../lib/gcc/arm-none-eabi/14.2.1/../../../../arm-none-eabi/lib/thumb/v7-m/nofp\libc_nano.a(libc_a-exit.o)
__swrite                                          c:/Users/jc/AppData/Roaming/Code/User/globalStorage/bmd.stm32-for-vscode/@xpack-dev-tools/arm-none-eabi-gcc/14.2.1-1.1.1/.content/bin/../lib/gcc/arm-none-eabi/14.2.1/../../../../arm-none-eabi/lib/thumb/v7-m/nofp\libc_nano.a(libc_a-stdio.o)
                                                  c:/Users/jc/AppData/Roaming/Code/User/globalStorage/bmd.stm32-for-vscode/@xpack-dev-tools/arm-none-eabi-gcc/14.2.1-1.1.1/.content/bin/../lib/gcc/arm-none-eabi/14.2.1/../../../../arm-none-eabi/lib/thumb/v7-m/nofp\libc_nano.a(libc_a-findfp.o)
_close                                            build/debug/syscalls.o
                                                  c:/Users/jc/AppData/Roaming/Code/User/globalStorage/bmd.stm32-for-vscode/@xpack-dev-tools/arm-none-eabi-gcc/14.2.1-1.1.1/.content/bin/../lib/gcc/arm-none-eabi/14.2.1/../../../../arm-none-eabi/lib/thumb/v7-m/nofp\libc_nano.a(libc_a-closer.o)
_close_r                                          c:/Users/jc/AppData/Roaming/Code/User/globalStorage/bmd.stm32-for-vscode/@xpack-dev-tools/arm-none-eabi-gcc/14.2.1-1.1.1/.content/bin/../lib/gcc/arm-none-eabi/14.2.1/../../../../arm-none-eabi/lib/thumb/v7-m/nofp\libc_nano.a(libc_a-closer.o)
                                                  c:/Users/jc/AppData/Roaming/Code/User/globalStorage/bmd.stm32-for-vscode/@xpack-dev-tools/arm-none-eabi-gcc/14.2.1-1.1.1/.content/bin/../lib/gcc/arm-none-eabi/14.2.1/../../../../arm-none-eabi/lib/thumb/v7-m/nofp\libc_nano.a(libc_a-stdio.o)
_ebss                                             build/debug/startup_stm32f103xb.o
_edata                                            build/debug/startup_stm32f103xb.o
_end                                              build/debug/sysmem.o
_estack                                           build/debug/startup_stm32f103xb.o
                                                  build/debug/sysmem.o
_execve                                           build/debug/syscalls.o
_exit                                             build/debug/syscalls.o
                                                  c:/Users/jc/AppData/Roaming/Code/User/globalStorage/bmd.stm32-for-vscode/@xpack-dev-tools/arm-none-eabi-gcc/14.2.1-1.1.1/.content/bin/../lib/gcc/arm-none-eabi/14.2.1/../../../../arm-none-eabi/lib/thumb/v7-m/nofp\libc_nano.a(libc_a-exit.o)
_fflush_r                                         c:/Users/jc/AppData/Roaming/Code/User/globalStorage/bmd.stm32-for-vscode/@xpack-dev-tools/arm-none-eabi-gcc/14.2.1-1.1.1/.content/bin/../lib/gcc/arm-none-eabi/14.2.1/../../../../arm-none-eabi/lib/thumb/v7-m/nofp\libc_nano.a(libc_a-fflush.o)
                                                  c:/Users/jc/AppData/Roaming/Code/User/globalStorage/bmd.stm32-for-vscode/@xpack-dev-tools/arm-none-eabi-gcc/14.2.1-1.1.1/.content/bin/../lib/gcc/arm-none-eabi/14.2.1/../../../../arm-none-eabi/lib/thumb/v7-m/nofp\libc_nano.a(libc_a-findfp.o)
_fini                                             c:/Users/jc/AppData/Roaming/Code/User/globalStorage/bmd.stm32-for-vscode/@xpack-dev-tools/arm-none-eabi-gcc/14.2.1-1.1.1/.content/bin/../lib/gcc/arm-none-eabi/14.2.1/thumb/v7-m/nofp/crti.o
                                                  c:/Users/jc/AppData/Roaming/Code/User/globalStorage/bmd.stm32-for-vscode/@xpack-dev-tools/arm-none-eabi-gcc/14.2.1-1.1.1/.content/bin/../lib/gcc/arm-none-eabi/14.2.1/../../../../arm-none-eabi/lib/thumb/v7-m/nofp\libc_nano.a(libc_a-fini.o)
_fork                                             build/debug/syscalls.o
_free_r                                           c:/Users/jc/AppData/Roaming/Code/User/globalStorage/bmd.stm32-for-vscode/@xpack-dev-tools/arm-none-eabi-gcc/14.2.1-1.1.1/.content/bin/../lib/gcc/arm-none-eabi/14.2.1/../../../../arm-none-eabi/lib/thumb/v7-m/nofp\libc_nano.a(libc_a-freer.o)
                                                  c:/Users/jc/AppData/Roaming/Code/User/globalStorage/bmd.stm32-for-vscode/@xpack-dev-tools/arm-none-eabi-gcc/14.2.1-1.1.1/.content/bin/../lib/gcc/arm-none-eabi/14.2.1/../../../../arm-none-eabi/lib/thumb/v7-m/nofp\libc_nano.a(libc_a-fflush.o)
                                                  c:/Users/jc/AppData/Roaming/Code/User/globalStorage/bmd.stm32-for-vscode/@xpack-dev-tools/arm-none-eabi-gcc/14.2.1-1.1.1/.content/bin/../lib/gcc/arm-none-eabi/14.2.1/../../../../arm-none-eabi/lib/thumb/v7-m/nofp\libc_nano.a(libc_a-reent.o)
_fstat                                            build/debug/syscalls.o
_fwalk_sglue                                      c:/Users/jc/AppData/Roaming/Code/User/globalStorage/bmd.stm32-for-vscode/@xpack-dev-tools/arm-none-eabi-gcc/14.2.1-1.1.1/.content/bin/../lib/gcc/arm-none-eabi/14.2.1/../../../../arm-none-eabi/lib/thumb/v7-m/nofp\libc_nano.a(libc_a-fwalk.o)
                                                  c:/Users/jc/AppData/Roaming/Code/User/globalStorage/bmd.stm32-for-vscode/@xpack-dev-tools/arm-none-eabi-gcc/14.2.1-1.1.1/.content/bin/../lib/gcc/arm-none-eabi/14.2.1/../../../../arm-none-eabi/lib/thumb/v7-m/nofp\libc_nano.a(libc_a-fflush.o)
                                                  c:/Users/jc/AppData/Roaming/Code/User/globalStorage/bmd.stm32-for-vscode/@xpack-dev-tools/arm-none-eabi-gcc/14.2.1-1.1.1/.content/bin/../lib/gcc/arm-none-eabi/14.2.1/../../../../arm-none-eabi/lib/thumb/v7-m/nofp\libc_nano.a(libc_a-findfp.o)
_getpid                                           build/debug/syscalls.o
_impure_data                                      c:/Users/jc/AppData/Roaming/Code/User/globalStorage/bmd.stm32-for-vscode/@xpack-dev-tools/arm-none-eabi-gcc/14.2.1-1.1.1/.content/bin/../lib/gcc/arm-none-eabi/14.2.1/../../../../arm-none-eabi/lib/thumb/v7-m/nofp\libc_nano.a(libc_a-impure.o)
                                                  c:/Users/jc/AppData/Roaming/Code/User/globalStorage/bmd.stm32-for-vscode/@xpack-dev-tools/arm-none-eabi-gcc/14.2.1-1.1.1/.content/bin/../lib/gcc/arm-none-eabi/14.2.1/../../../../arm-none-eabi/lib/thumb/v7-m/nofp\libc_nano.a(libc_a-fflush.o)
                                                  c:/Users/jc/AppData/Roaming/Code/User/globalStorage/bmd.stm32-for-vscode/@xpack-dev-tools/arm-none-eabi-gcc/14.2.1-1.1.1/.content/bin/../lib/gcc/arm-none-eabi/14.2.1/../../../../arm-none-eabi/lib/thumb/v7-m/nofp\libc_nano.a(libc_a-findfp.o)
_impure_ptr                                       c:/Users/jc/AppData/Roaming/Code/User/globalStorage/bmd.stm32-for-vscode/@xpack-dev-tools/arm-none-eabi-gcc/14.2.1-1.1.1/.content/bin/../lib/gcc/arm-none-eabi/14.2.1/../../../../arm-none-eabi/lib/thumb/v7-m/nofp\libc_nano.a(libc_a-impure.o)
                                                  c:/Users/jc/AppData/Roaming/Code/User/globalStorage/bmd.stm32-for-vscode/@xpack-dev-tools/arm-none-eabi-gcc/14.2.1-1.1.1/.content/bin/../lib/gcc/arm-none-eabi/14.2.1/../../../../arm-none-eabi/lib/thumb/v7-m/nofp\libc_nano.a(libc_a-fflush.o)
                                                  c:/Users/jc/AppData/Roaming/Code/User/globalStorage/bmd.stm32-for-vscode/@xpack-dev-tools/arm-none-eabi-gcc/14.2.1-1.1.1/.content/bin/../lib/gcc/arm-none-eabi/14.2.1/../../../../arm-none-eabi/lib/thumb/v7-m/nofp\libc_nano.a(libc_a-errno.o)
                                                  c:/Users/jc/AppData/Roaming/Code/User/globalStorage/bmd.stm32-for-vscode/@xpack-dev-tools/arm-none-eabi-gcc/14.2.1-1.1.1/.content/bin/../lib/gcc/arm-none-eabi/14.2.1/../../../../arm-none-eabi/lib/thumb/v7-m/nofp\libc_nano.a(libc_a-reent.o)
_init                                             c:/Users/jc/AppData/Roaming/Code/User/globalStorage/bmd.stm32-for-vscode/@xpack-dev-tools/arm-none-eabi-gcc/14.2.1-1.1.1/.content/bin/../lib/gcc/arm-none-eabi/14.2.1/thumb/v7-m/nofp/crti.o
                                                  c:/Users/jc/AppData/Roaming/Code/User/globalStorage/bmd.stm32-for-vscode/@xpack-dev-tools/arm-none-eabi-gcc/14.2.1-1.1.1/.content/bin/../lib/gcc/arm-none-eabi/14.2.1/../../../../arm-none-eabi/lib/thumb/v7-m/nofp\libc_nano.a(libc_a-init.o)
_isatty                                           build/debug/syscalls.o
_kill                                             build/debug/syscalls.o
_link                                             build/debug/syscalls.o
_lseek                                            build/debug/syscalls.o
                                                  c:/Users/jc/AppData/Roaming/Code/User/globalStorage/bmd.stm32-for-vscode/@xpack-dev-tools/arm-none-eabi-gcc/14.2.1-1.1.1/.content/bin/../lib/gcc/arm-none-eabi/14.2.1/../../../../arm-none-eabi/lib/thumb/v7-m/nofp\libc_nano.a(libc_a-lseekr.o)
_lseek_r                                          c:/Users/jc/AppData/Roaming/Code/User/globalStorage/bmd.stm32-for-vscode/@xpack-dev-tools/arm-none-eabi-gcc/14.2.1-1.1.1/.content/bin/../lib/gcc/arm-none-eabi/14.2.1/../../../../arm-none-eabi/lib/thumb/v7-m/nofp\libc_nano.a(libc_a-lseekr.o)