ARM GAS  C:\Users\jc\AppData\Local\Temp\ccLvlsgb.s 			page 1


   1              		.cpu cortex-m3
   2              		.arch armv7-m
   3              		.fpu softvfp
   4              		.eabi_attribute 20, 1
   5              		.eabi_attribute 21, 1
   6              		.eabi_attribute 23, 3
   7              		.eabi_attribute 24, 1
   8              		.eabi_attribute 25, 1
   9              		.eabi_attribute 26, 1
  10              		.eabi_attribute 30, 1
  11              		.eabi_attribute 34, 1
  12              		.eabi_attribute 18, 4
  13              		.file	"main.c"
  14              		.text
  15              	.Ltext0:
  16              		.cfi_sections	.debug_frame
  17              		.file 1 "Core/Src/main.c"
  18              		.section	.text.MX_GPIO_Init,"ax",%progbits
  19              		.align	1
  20              		.syntax unified
  21              		.thumb
  22              		.thumb_func
  24              	MX_GPIO_Init:
  25              	.LFB68:
   1:Core/Src/main.c **** /* USER CODE BEGIN Header */
   2:Core/Src/main.c **** /**
   3:Core/Src/main.c ****   ******************************************************************************
   4:Core/Src/main.c ****   * @file           : main.c
   5:Core/Src/main.c ****   * @brief          : Main program body
   6:Core/Src/main.c ****   ******************************************************************************
   7:Core/Src/main.c ****   * @attention
   8:Core/Src/main.c ****   *
   9:Core/Src/main.c ****   * Copyright (c) 2025 STMicroelectronics.
  10:Core/Src/main.c ****   * All rights reserved.
  11:Core/Src/main.c ****   *
  12:Core/Src/main.c ****   * This software is licensed under terms that can be found in the LICENSE file
  13:Core/Src/main.c ****   * in the root directory of this software component.
  14:Core/Src/main.c ****   * If no LICENSE file comes with this software, it is provided AS-IS.
  15:Core/Src/main.c ****   *
  16:Core/Src/main.c ****   ******************************************************************************
  17:Core/Src/main.c ****   */
  18:Core/Src/main.c **** /* USER CODE END Header */
  19:Core/Src/main.c **** /* Includes ------------------------------------------------------------------*/
  20:Core/Src/main.c **** #include "main.h"
  21:Core/Src/main.c **** 
  22:Core/Src/main.c **** /* Private includes ----------------------------------------------------------*/
  23:Core/Src/main.c **** /* USER CODE BEGIN Includes */
  24:Core/Src/main.c **** 
  25:Core/Src/main.c **** /* USER CODE END Includes */
  26:Core/Src/main.c **** 
  27:Core/Src/main.c **** /* Private typedef -----------------------------------------------------------*/
  28:Core/Src/main.c **** /* USER CODE BEGIN PTD */
  29:Core/Src/main.c **** 
  30:Core/Src/main.c **** /* USER CODE END PTD */
  31:Core/Src/main.c **** 
  32:Core/Src/main.c **** /* Private define ------------------------------------------------------------*/
  33:Core/Src/main.c **** /* USER CODE BEGIN PD */
ARM GAS  C:\Users\jc\AppData\Local\Temp\ccLvlsgb.s 			page 2


  34:Core/Src/main.c **** 
  35:Core/Src/main.c **** /* USER CODE END PD */
  36:Core/Src/main.c **** 
  37:Core/Src/main.c **** /* Private macro -------------------------------------------------------------*/
  38:Core/Src/main.c **** /* USER CODE BEGIN PM */
  39:Core/Src/main.c **** 
  40:Core/Src/main.c **** /* USER CODE END PM */
  41:Core/Src/main.c **** 
  42:Core/Src/main.c **** /* Private variables ---------------------------------------------------------*/
  43:Core/Src/main.c **** PCD_HandleTypeDef hpcd_USB_FS;
  44:Core/Src/main.c **** 
  45:Core/Src/main.c **** /* USER CODE BEGIN PV */
  46:Core/Src/main.c **** 
  47:Core/Src/main.c **** /* USER CODE END PV */
  48:Core/Src/main.c **** 
  49:Core/Src/main.c **** /* Private function prototypes -----------------------------------------------*/
  50:Core/Src/main.c **** void SystemClock_Config(void);
  51:Core/Src/main.c **** static void MX_GPIO_Init(void);
  52:Core/Src/main.c **** static void MX_USB_PCD_Init(void);
  53:Core/Src/main.c **** /* USER CODE BEGIN PFP */
  54:Core/Src/main.c **** 
  55:Core/Src/main.c **** /* USER CODE END PFP */
  56:Core/Src/main.c **** 
  57:Core/Src/main.c **** /* Private user code ---------------------------------------------------------*/
  58:Core/Src/main.c **** /* USER CODE BEGIN 0 */
  59:Core/Src/main.c **** 
  60:Core/Src/main.c **** /* USER CODE END 0 */
  61:Core/Src/main.c **** 
  62:Core/Src/main.c **** /**
  63:Core/Src/main.c ****   * @brief  The application entry point.
  64:Core/Src/main.c ****   * @retval int
  65:Core/Src/main.c ****   */
  66:Core/Src/main.c **** int main(void)
  67:Core/Src/main.c **** {
  68:Core/Src/main.c **** 
  69:Core/Src/main.c ****   /* USER CODE BEGIN 1 */
  70:Core/Src/main.c **** 
  71:Core/Src/main.c ****   /* USER CODE END 1 */
  72:Core/Src/main.c **** 
  73:Core/Src/main.c ****   /* MCU Configuration--------------------------------------------------------*/
  74:Core/Src/main.c **** 
  75:Core/Src/main.c ****   /* Reset of all peripherals, Initializes the Flash interface and the Systick. */
  76:Core/Src/main.c ****   HAL_Init();
  77:Core/Src/main.c **** 
  78:Core/Src/main.c ****   /* USER CODE BEGIN Init */
  79:Core/Src/main.c **** 
  80:Core/Src/main.c ****   /* USER CODE END Init */
  81:Core/Src/main.c **** 
  82:Core/Src/main.c ****   /* Configure the system clock */
  83:Core/Src/main.c ****   SystemClock_Config();
  84:Core/Src/main.c **** 
  85:Core/Src/main.c ****   /* USER CODE BEGIN SysInit */
  86:Core/Src/main.c **** 
  87:Core/Src/main.c ****   /* USER CODE END SysInit */
  88:Core/Src/main.c **** 
  89:Core/Src/main.c ****   /* Initialize all configured peripherals */
  90:Core/Src/main.c ****   MX_GPIO_Init();
ARM GAS  C:\Users\jc\AppData\Local\Temp\ccLvlsgb.s 			page 3


  91:Core/Src/main.c ****   MX_USB_PCD_Init();
  92:Core/Src/main.c ****   /* USER CODE BEGIN 2 */
  93:Core/Src/main.c **** 
  94:Core/Src/main.c ****   /* USER CODE END 2 */
  95:Core/Src/main.c **** 
  96:Core/Src/main.c ****   /* Infinite loop */
  97:Core/Src/main.c ****   /* USER CODE BEGIN WHILE */
  98:Core/Src/main.c ****   while (1)
  99:Core/Src/main.c ****   {
 100:Core/Src/main.c ****     /* USER CODE END WHILE */
 101:Core/Src/main.c **** 
 102:Core/Src/main.c ****     /* USER CODE BEGIN 3 */
 103:Core/Src/main.c ****   }
 104:Core/Src/main.c ****   /* USER CODE END 3 */
 105:Core/Src/main.c **** }
 106:Core/Src/main.c **** 
 107:Core/Src/main.c **** /**
 108:Core/Src/main.c ****   * @brief System Clock Configuration
 109:Core/Src/main.c ****   * @retval None
 110:Core/Src/main.c ****   */
 111:Core/Src/main.c **** void SystemClock_Config(void)
 112:Core/Src/main.c **** {
 113:Core/Src/main.c ****   RCC_OscInitTypeDef RCC_OscInitStruct = {0};
 114:Core/Src/main.c ****   RCC_ClkInitTypeDef RCC_ClkInitStruct = {0};
 115:Core/Src/main.c ****   RCC_PeriphCLKInitTypeDef PeriphClkInit = {0};
 116:Core/Src/main.c **** 
 117:Core/Src/main.c ****   /** Initializes the RCC Oscillators according to the specified parameters
 118:Core/Src/main.c ****   * in the RCC_OscInitTypeDef structure.
 119:Core/Src/main.c ****   */
 120:Core/Src/main.c ****   RCC_OscInitStruct.OscillatorType = RCC_OSCILLATORTYPE_HSE;
 121:Core/Src/main.c ****   RCC_OscInitStruct.HSEState = RCC_HSE_ON;
 122:Core/Src/main.c ****   RCC_OscInitStruct.HSEPredivValue = RCC_HSE_PREDIV_DIV1;
 123:Core/Src/main.c ****   RCC_OscInitStruct.HSIState = RCC_HSI_ON;
 124:Core/Src/main.c ****   RCC_OscInitStruct.PLL.PLLState = RCC_PLL_ON;
 125:Core/Src/main.c ****   RCC_OscInitStruct.PLL.PLLSource = RCC_PLLSOURCE_HSE;
 126:Core/Src/main.c ****   RCC_OscInitStruct.PLL.PLLMUL = RCC_PLL_MUL6;
 127:Core/Src/main.c ****   if (HAL_RCC_OscConfig(&RCC_OscInitStruct) != HAL_OK)
 128:Core/Src/main.c ****   {
 129:Core/Src/main.c ****     Error_Handler();
 130:Core/Src/main.c ****   }
 131:Core/Src/main.c **** 
 132:Core/Src/main.c ****   /** Initializes the CPU, AHB and APB buses clocks
 133:Core/Src/main.c ****   */
 134:Core/Src/main.c ****   RCC_ClkInitStruct.ClockType = RCC_CLOCKTYPE_HCLK|RCC_CLOCKTYPE_SYSCLK
 135:Core/Src/main.c ****                               |RCC_CLOCKTYPE_PCLK1|RCC_CLOCKTYPE_PCLK2;
 136:Core/Src/main.c ****   RCC_ClkInitStruct.SYSCLKSource = RCC_SYSCLKSOURCE_PLLCLK;
 137:Core/Src/main.c ****   RCC_ClkInitStruct.AHBCLKDivider = RCC_SYSCLK_DIV1;
 138:Core/Src/main.c ****   RCC_ClkInitStruct.APB1CLKDivider = RCC_HCLK_DIV2;
 139:Core/Src/main.c ****   RCC_ClkInitStruct.APB2CLKDivider = RCC_HCLK_DIV1;
 140:Core/Src/main.c **** 
 141:Core/Src/main.c ****   if (HAL_RCC_ClockConfig(&RCC_ClkInitStruct, FLASH_LATENCY_1) != HAL_OK)
 142:Core/Src/main.c ****   {
 143:Core/Src/main.c ****     Error_Handler();
 144:Core/Src/main.c ****   }
 145:Core/Src/main.c ****   PeriphClkInit.PeriphClockSelection = RCC_PERIPHCLK_USB;
 146:Core/Src/main.c ****   PeriphClkInit.UsbClockSelection = RCC_USBCLKSOURCE_PLL;
 147:Core/Src/main.c ****   if (HAL_RCCEx_PeriphCLKConfig(&PeriphClkInit) != HAL_OK)
ARM GAS  C:\Users\jc\AppData\Local\Temp\ccLvlsgb.s 			page 4


 148:Core/Src/main.c ****   {
 149:Core/Src/main.c ****     Error_Handler();
 150:Core/Src/main.c ****   }
 151:Core/Src/main.c **** }
 152:Core/Src/main.c **** 
 153:Core/Src/main.c **** /**
 154:Core/Src/main.c ****   * @brief USB Initialization Function
 155:Core/Src/main.c ****   * @param None
 156:Core/Src/main.c ****   * @retval None
 157:Core/Src/main.c ****   */
 158:Core/Src/main.c **** static void MX_USB_PCD_Init(void)
 159:Core/Src/main.c **** {
 160:Core/Src/main.c **** 
 161:Core/Src/main.c ****   /* USER CODE BEGIN USB_Init 0 */
 162:Core/Src/main.c **** 
 163:Core/Src/main.c ****   /* USER CODE END USB_Init 0 */
 164:Core/Src/main.c **** 
 165:Core/Src/main.c ****   /* USER CODE BEGIN USB_Init 1 */
 166:Core/Src/main.c **** 
 167:Core/Src/main.c ****   /* USER CODE END USB_Init 1 */
 168:Core/Src/main.c ****   hpcd_USB_FS.Instance = USB;
 169:Core/Src/main.c ****   hpcd_USB_FS.Init.dev_endpoints = 8;
 170:Core/Src/main.c ****   hpcd_USB_FS.Init.speed = PCD_SPEED_FULL;
 171:Core/Src/main.c ****   hpcd_USB_FS.Init.low_power_enable = DISABLE;
 172:Core/Src/main.c ****   hpcd_USB_FS.Init.lpm_enable = DISABLE;
 173:Core/Src/main.c ****   hpcd_USB_FS.Init.battery_charging_enable = DISABLE;
 174:Core/Src/main.c ****   if (HAL_PCD_Init(&hpcd_USB_FS) != HAL_OK)
 175:Core/Src/main.c ****   {
 176:Core/Src/main.c ****     Error_Handler();
 177:Core/Src/main.c ****   }
 178:Core/Src/main.c ****   /* USER CODE BEGIN USB_Init 2 */
 179:Core/Src/main.c **** 
 180:Core/Src/main.c ****   /* USER CODE END USB_Init 2 */
 181:Core/Src/main.c **** 
 182:Core/Src/main.c **** }
 183:Core/Src/main.c **** 
 184:Core/Src/main.c **** /**
 185:Core/Src/main.c ****   * @brief GPIO Initialization Function
 186:Core/Src/main.c ****   * @param None
 187:Core/Src/main.c ****   * @retval None
 188:Core/Src/main.c ****   */
 189:Core/Src/main.c **** static void MX_GPIO_Init(void)
 190:Core/Src/main.c **** {
  26              		.loc 1 190 1 view -0
  27              		.cfi_startproc
  28              		@ args = 0, pretend = 0, frame = 32
  29              		@ frame_needed = 0, uses_anonymous_args = 0
  30 0000 2DE9F047 		push	{r4, r5, r6, r7, r8, r9, r10, lr}
  31              		.cfi_def_cfa_offset 32
  32              		.cfi_offset 4, -32
  33              		.cfi_offset 5, -28
  34              		.cfi_offset 6, -24
  35              		.cfi_offset 7, -20
  36              		.cfi_offset 8, -16
  37              		.cfi_offset 9, -12
  38              		.cfi_offset 10, -8
  39              		.cfi_offset 14, -4
ARM GAS  C:\Users\jc\AppData\Local\Temp\ccLvlsgb.s 			page 5


  40 0004 88B0     		sub	sp, sp, #32
  41              		.cfi_def_cfa_offset 64
 191:Core/Src/main.c ****   GPIO_InitTypeDef GPIO_InitStruct = {0};
  42              		.loc 1 191 3 view .LVU1
  43              		.loc 1 191 20 is_stmt 0 view .LVU2
  44 0006 04AD     		add	r5, sp, #16
  45 0008 0024     		movs	r4, #0
  46 000a 0494     		str	r4, [sp, #16]
  47 000c 0594     		str	r4, [sp, #20]
  48 000e 0694     		str	r4, [sp, #24]
  49 0010 0794     		str	r4, [sp, #28]
 192:Core/Src/main.c ****   /* USER CODE BEGIN MX_GPIO_Init_1 */
 193:Core/Src/main.c **** 
 194:Core/Src/main.c ****   /* USER CODE END MX_GPIO_Init_1 */
 195:Core/Src/main.c **** 
 196:Core/Src/main.c ****   /* GPIO Ports Clock Enable */
 197:Core/Src/main.c ****   __HAL_RCC_GPIOD_CLK_ENABLE();
  50              		.loc 1 197 3 is_stmt 1 view .LVU3
  51              	.LBB4:
  52              		.loc 1 197 3 view .LVU4
  53              		.loc 1 197 3 view .LVU5
  54 0012 3E4B     		ldr	r3, .L3
  55 0014 9A69     		ldr	r2, [r3, #24]
  56 0016 42F02002 		orr	r2, r2, #32
  57 001a 9A61     		str	r2, [r3, #24]
  58              		.loc 1 197 3 view .LVU6
  59 001c 9A69     		ldr	r2, [r3, #24]
  60 001e 02F02002 		and	r2, r2, #32
  61 0022 0192     		str	r2, [sp, #4]
  62              		.loc 1 197 3 view .LVU7
  63 0024 019A     		ldr	r2, [sp, #4]
  64              	.LBE4:
  65              		.loc 1 197 3 view .LVU8
 198:Core/Src/main.c ****   __HAL_RCC_GPIOA_CLK_ENABLE();
  66              		.loc 1 198 3 view .LVU9
  67              	.LBB5:
  68              		.loc 1 198 3 view .LVU10
  69              		.loc 1 198 3 view .LVU11
  70 0026 9A69     		ldr	r2, [r3, #24]
  71 0028 42F00402 		orr	r2, r2, #4
  72 002c 9A61     		str	r2, [r3, #24]
  73              		.loc 1 198 3 view .LVU12
  74 002e 9A69     		ldr	r2, [r3, #24]
  75 0030 02F00402 		and	r2, r2, #4
  76 0034 0292     		str	r2, [sp, #8]
  77              		.loc 1 198 3 view .LVU13
  78 0036 029A     		ldr	r2, [sp, #8]
  79              	.LBE5:
  80              		.loc 1 198 3 view .LVU14
 199:Core/Src/main.c ****   __HAL_RCC_GPIOB_CLK_ENABLE();
  81              		.loc 1 199 3 view .LVU15
  82              	.LBB6:
  83              		.loc 1 199 3 view .LVU16
  84              		.loc 1 199 3 view .LVU17
  85 0038 9A69     		ldr	r2, [r3, #24]
  86 003a 42F00802 		orr	r2, r2, #8
  87 003e 9A61     		str	r2, [r3, #24]
ARM GAS  C:\Users\jc\AppData\Local\Temp\ccLvlsgb.s 			page 6


  88              		.loc 1 199 3 view .LVU18
  89 0040 9B69     		ldr	r3, [r3, #24]
  90 0042 03F00803 		and	r3, r3, #8
  91 0046 0393     		str	r3, [sp, #12]
  92              		.loc 1 199 3 view .LVU19
  93 0048 039B     		ldr	r3, [sp, #12]
  94              	.LBE6:
  95              		.loc 1 199 3 view .LVU20
 200:Core/Src/main.c **** 
 201:Core/Src/main.c ****   /*Configure GPIO pin Output Level */
 202:Core/Src/main.c ****   HAL_GPIO_WritePin(GPIOA, GPIO_PIN_3|GPIO_PIN_4, GPIO_PIN_RESET);
  96              		.loc 1 202 3 view .LVU21
  97 004a DFF8C480 		ldr	r8, .L3+4
  98 004e 2246     		mov	r2, r4
  99 0050 1821     		movs	r1, #24
 100 0052 4046     		mov	r0, r8
 101 0054 FFF7FEFF 		bl	HAL_GPIO_WritePin
 102              	.LVL0:
 203:Core/Src/main.c **** 
 204:Core/Src/main.c ****   /*Configure GPIO pin Output Level */
 205:Core/Src/main.c ****   HAL_GPIO_WritePin(GPIOB, GPIO_PIN_2, GPIO_PIN_RESET);
 103              		.loc 1 205 3 view .LVU22
 104 0058 2E4F     		ldr	r7, .L3+8
 105 005a 2246     		mov	r2, r4
 106 005c 0421     		movs	r1, #4
 107 005e 3846     		mov	r0, r7
 108 0060 FFF7FEFF 		bl	HAL_GPIO_WritePin
 109              	.LVL1:
 206:Core/Src/main.c **** 
 207:Core/Src/main.c ****   /*Configure GPIO pin : PA0 */
 208:Core/Src/main.c ****   GPIO_InitStruct.Pin = GPIO_PIN_0;
 110              		.loc 1 208 3 view .LVU23
 111              		.loc 1 208 23 is_stmt 0 view .LVU24
 112 0064 4FF0010A 		mov	r10, #1
 113 0068 CDF810A0 		str	r10, [sp, #16]
 209:Core/Src/main.c ****   GPIO_InitStruct.Mode = GPIO_MODE_AF_PP;
 114              		.loc 1 209 3 is_stmt 1 view .LVU25
 115              		.loc 1 209 24 is_stmt 0 view .LVU26
 116 006c 0226     		movs	r6, #2
 117 006e 0596     		str	r6, [sp, #20]
 210:Core/Src/main.c ****   GPIO_InitStruct.Speed = GPIO_SPEED_FREQ_LOW;
 118              		.loc 1 210 3 is_stmt 1 view .LVU27
 119              		.loc 1 210 25 is_stmt 0 view .LVU28
 120 0070 0796     		str	r6, [sp, #28]
 211:Core/Src/main.c ****   HAL_GPIO_Init(GPIOA, &GPIO_InitStruct);
 121              		.loc 1 211 3 is_stmt 1 view .LVU29
 122 0072 2946     		mov	r1, r5
 123 0074 4046     		mov	r0, r8
 124 0076 FFF7FEFF 		bl	HAL_GPIO_Init
 125              	.LVL2:
 212:Core/Src/main.c **** 
 213:Core/Src/main.c ****   /*Configure GPIO pins : PA3 PA4 */
 214:Core/Src/main.c ****   GPIO_InitStruct.Pin = GPIO_PIN_3|GPIO_PIN_4;
 126              		.loc 1 214 3 view .LVU30
 127              		.loc 1 214 23 is_stmt 0 view .LVU31
 128 007a 1823     		movs	r3, #24
 129 007c 0493     		str	r3, [sp, #16]
ARM GAS  C:\Users\jc\AppData\Local\Temp\ccLvlsgb.s 			page 7


 215:Core/Src/main.c ****   GPIO_InitStruct.Mode = GPIO_MODE_OUTPUT_PP;
 130              		.loc 1 215 3 is_stmt 1 view .LVU32
 131              		.loc 1 215 24 is_stmt 0 view .LVU33
 132 007e CDF814A0 		str	r10, [sp, #20]
 216:Core/Src/main.c ****   GPIO_InitStruct.Pull = GPIO_NOPULL;
 133              		.loc 1 216 3 is_stmt 1 view .LVU34
 134              		.loc 1 216 24 is_stmt 0 view .LVU35
 135 0082 0694     		str	r4, [sp, #24]
 217:Core/Src/main.c ****   GPIO_InitStruct.Speed = GPIO_SPEED_FREQ_LOW;
 136              		.loc 1 217 3 is_stmt 1 view .LVU36
 137              		.loc 1 217 25 is_stmt 0 view .LVU37
 138 0084 0796     		str	r6, [sp, #28]
 218:Core/Src/main.c ****   HAL_GPIO_Init(GPIOA, &GPIO_InitStruct);
 139              		.loc 1 218 3 is_stmt 1 view .LVU38
 140 0086 2946     		mov	r1, r5
 141 0088 4046     		mov	r0, r8
 142 008a FFF7FEFF 		bl	HAL_GPIO_Init
 143              	.LVL3:
 219:Core/Src/main.c **** 
 220:Core/Src/main.c ****   /*Configure GPIO pins : PA5 PA6 PA7 */
 221:Core/Src/main.c ****   GPIO_InitStruct.Pin = GPIO_PIN_5|GPIO_PIN_6|GPIO_PIN_7;
 144              		.loc 1 221 3 view .LVU39
 145              		.loc 1 221 23 is_stmt 0 view .LVU40
 146 008e E023     		movs	r3, #224
 147 0090 0493     		str	r3, [sp, #16]
 222:Core/Src/main.c ****   GPIO_InitStruct.Mode = GPIO_MODE_AF_PP;
 148              		.loc 1 222 3 is_stmt 1 view .LVU41
 149              		.loc 1 222 24 is_stmt 0 view .LVU42
 150 0092 0596     		str	r6, [sp, #20]
 223:Core/Src/main.c ****   GPIO_InitStruct.Speed = GPIO_SPEED_FREQ_HIGH;
 151              		.loc 1 223 3 is_stmt 1 view .LVU43
 152              		.loc 1 223 25 is_stmt 0 view .LVU44
 153 0094 4FF00309 		mov	r9, #3
 154 0098 CDF81C90 		str	r9, [sp, #28]
 224:Core/Src/main.c ****   HAL_GPIO_Init(GPIOA, &GPIO_InitStruct);
 155              		.loc 1 224 3 is_stmt 1 view .LVU45
 156 009c 2946     		mov	r1, r5
 157 009e 4046     		mov	r0, r8
 158 00a0 FFF7FEFF 		bl	HAL_GPIO_Init
 159              	.LVL4:
 225:Core/Src/main.c **** 
 226:Core/Src/main.c ****   /*Configure GPIO pin : PB2 */
 227:Core/Src/main.c ****   GPIO_InitStruct.Pin = GPIO_PIN_2;
 160              		.loc 1 227 3 view .LVU46
 161              		.loc 1 227 23 is_stmt 0 view .LVU47
 162 00a4 0423     		movs	r3, #4
 163 00a6 0493     		str	r3, [sp, #16]
 228:Core/Src/main.c ****   GPIO_InitStruct.Mode = GPIO_MODE_OUTPUT_PP;
 164              		.loc 1 228 3 is_stmt 1 view .LVU48
 165              		.loc 1 228 24 is_stmt 0 view .LVU49
 166 00a8 CDF814A0 		str	r10, [sp, #20]
 229:Core/Src/main.c ****   GPIO_InitStruct.Pull = GPIO_NOPULL;
 167              		.loc 1 229 3 is_stmt 1 view .LVU50
 168              		.loc 1 229 24 is_stmt 0 view .LVU51
 169 00ac 0694     		str	r4, [sp, #24]
 230:Core/Src/main.c ****   GPIO_InitStruct.Speed = GPIO_SPEED_FREQ_LOW;
 170              		.loc 1 230 3 is_stmt 1 view .LVU52
ARM GAS  C:\Users\jc\AppData\Local\Temp\ccLvlsgb.s 			page 8


 171              		.loc 1 230 25 is_stmt 0 view .LVU53
 172 00ae 0796     		str	r6, [sp, #28]
 231:Core/Src/main.c ****   HAL_GPIO_Init(GPIOB, &GPIO_InitStruct);
 173              		.loc 1 231 3 is_stmt 1 view .LVU54
 174 00b0 2946     		mov	r1, r5
 175 00b2 3846     		mov	r0, r7
 176 00b4 FFF7FEFF 		bl	HAL_GPIO_Init
 177              	.LVL5:
 232:Core/Src/main.c **** 
 233:Core/Src/main.c ****   /*Configure GPIO pin : PB10 */
 234:Core/Src/main.c ****   GPIO_InitStruct.Pin = GPIO_PIN_10;
 178              		.loc 1 234 3 view .LVU55
 179              		.loc 1 234 23 is_stmt 0 view .LVU56
 180 00b8 4FF48063 		mov	r3, #1024
 181 00bc 0493     		str	r3, [sp, #16]
 235:Core/Src/main.c ****   GPIO_InitStruct.Mode = GPIO_MODE_AF_PP;
 182              		.loc 1 235 3 is_stmt 1 view .LVU57
 183              		.loc 1 235 24 is_stmt 0 view .LVU58
 184 00be 0596     		str	r6, [sp, #20]
 236:Core/Src/main.c ****   GPIO_InitStruct.Speed = GPIO_SPEED_FREQ_HIGH;
 185              		.loc 1 236 3 is_stmt 1 view .LVU59
 186              		.loc 1 236 25 is_stmt 0 view .LVU60
 187 00c0 CDF81C90 		str	r9, [sp, #28]
 237:Core/Src/main.c ****   HAL_GPIO_Init(GPIOB, &GPIO_InitStruct);
 188              		.loc 1 237 3 is_stmt 1 view .LVU61
 189 00c4 2946     		mov	r1, r5
 190 00c6 3846     		mov	r0, r7
 191 00c8 FFF7FEFF 		bl	HAL_GPIO_Init
 192              	.LVL6:
 238:Core/Src/main.c **** 
 239:Core/Src/main.c ****   /*Configure GPIO pin : PB11 */
 240:Core/Src/main.c ****   GPIO_InitStruct.Pin = GPIO_PIN_11;
 193              		.loc 1 240 3 view .LVU62
 194              		.loc 1 240 23 is_stmt 0 view .LVU63
 195 00cc 4FF40063 		mov	r3, #2048
 196 00d0 0493     		str	r3, [sp, #16]
 241:Core/Src/main.c ****   GPIO_InitStruct.Mode = GPIO_MODE_INPUT;
 197              		.loc 1 241 3 is_stmt 1 view .LVU64
 198              		.loc 1 241 24 is_stmt 0 view .LVU65
 199 00d2 0594     		str	r4, [sp, #20]
 242:Core/Src/main.c ****   GPIO_InitStruct.Pull = GPIO_NOPULL;
 200              		.loc 1 242 3 is_stmt 1 view .LVU66
 201              		.loc 1 242 24 is_stmt 0 view .LVU67
 202 00d4 0694     		str	r4, [sp, #24]
 243:Core/Src/main.c ****   HAL_GPIO_Init(GPIOB, &GPIO_InitStruct);
 203              		.loc 1 243 3 is_stmt 1 view .LVU68
 204 00d6 2946     		mov	r1, r5
 205 00d8 3846     		mov	r0, r7
 206 00da FFF7FEFF 		bl	HAL_GPIO_Init
 207              	.LVL7:
 244:Core/Src/main.c **** 
 245:Core/Src/main.c ****   /*Configure GPIO pin : PA8 */
 246:Core/Src/main.c ****   GPIO_InitStruct.Pin = GPIO_PIN_8;
 208              		.loc 1 246 3 view .LVU69
 209              		.loc 1 246 23 is_stmt 0 view .LVU70
 210 00de 4FF48073 		mov	r3, #256
 211 00e2 0493     		str	r3, [sp, #16]
ARM GAS  C:\Users\jc\AppData\Local\Temp\ccLvlsgb.s 			page 9


 247:Core/Src/main.c ****   GPIO_InitStruct.Mode = GPIO_MODE_INPUT;
 212              		.loc 1 247 3 is_stmt 1 view .LVU71
 213              		.loc 1 247 24 is_stmt 0 view .LVU72
 214 00e4 0594     		str	r4, [sp, #20]
 248:Core/Src/main.c ****   GPIO_InitStruct.Pull = GPIO_NOPULL;
 215              		.loc 1 248 3 is_stmt 1 view .LVU73
 216              		.loc 1 248 24 is_stmt 0 view .LVU74
 217 00e6 0694     		str	r4, [sp, #24]
 249:Core/Src/main.c ****   HAL_GPIO_Init(GPIOA, &GPIO_InitStruct);
 218              		.loc 1 249 3 is_stmt 1 view .LVU75
 219 00e8 2946     		mov	r1, r5
 220 00ea 4046     		mov	r0, r8
 221 00ec FFF7FEFF 		bl	HAL_GPIO_Init
 222              	.LVL8:
 250:Core/Src/main.c **** 
 251:Core/Src/main.c ****   /*Configure GPIO pins : PB6 PB7 */
 252:Core/Src/main.c ****   GPIO_InitStruct.Pin = GPIO_PIN_6|GPIO_PIN_7;
 223              		.loc 1 252 3 view .LVU76
 224              		.loc 1 252 23 is_stmt 0 view .LVU77
 225 00f0 C023     		movs	r3, #192
 226 00f2 0493     		str	r3, [sp, #16]
 253:Core/Src/main.c ****   GPIO_InitStruct.Mode = GPIO_MODE_AF_OD;
 227              		.loc 1 253 3 is_stmt 1 view .LVU78
 228              		.loc 1 253 24 is_stmt 0 view .LVU79
 229 00f4 1223     		movs	r3, #18
 230 00f6 0593     		str	r3, [sp, #20]
 254:Core/Src/main.c ****   GPIO_InitStruct.Speed = GPIO_SPEED_FREQ_HIGH;
 231              		.loc 1 254 3 is_stmt 1 view .LVU80
 232              		.loc 1 254 25 is_stmt 0 view .LVU81
 233 00f8 CDF81C90 		str	r9, [sp, #28]
 255:Core/Src/main.c ****   HAL_GPIO_Init(GPIOB, &GPIO_InitStruct);
 234              		.loc 1 255 3 is_stmt 1 view .LVU82
 235 00fc 2946     		mov	r1, r5
 236 00fe 3846     		mov	r0, r7
 237 0100 FFF7FEFF 		bl	HAL_GPIO_Init
 238              	.LVL9:
 256:Core/Src/main.c **** 
 257:Core/Src/main.c ****   /* USER CODE BEGIN MX_GPIO_Init_2 */
 258:Core/Src/main.c **** 
 259:Core/Src/main.c ****   /* USER CODE END MX_GPIO_Init_2 */
 260:Core/Src/main.c **** }
 239              		.loc 1 260 1 is_stmt 0 view .LVU83
 240 0104 08B0     		add	sp, sp, #32
 241              		.cfi_def_cfa_offset 32
 242              		@ sp needed
 243 0106 BDE8F087 		pop	{r4, r5, r6, r7, r8, r9, r10, pc}
 244              	.L4:
 245 010a 00BF     		.align	2
 246              	.L3:
 247 010c 00100240 		.word	1073876992
 248 0110 00080140 		.word	1073809408
 249 0114 000C0140 		.word	1073810432
 250              		.cfi_endproc
 251              	.LFE68:
 253              		.section	.text.Error_Handler,"ax",%progbits
 254              		.align	1
 255              		.global	Error_Handler
ARM GAS  C:\Users\jc\AppData\Local\Temp\ccLvlsgb.s 			page 10


 256              		.syntax unified
 257              		.thumb
 258              		.thumb_func
 260              	Error_Handler:
 261              	.LFB69:
 261:Core/Src/main.c **** 
 262:Core/Src/main.c **** /* USER CODE BEGIN 4 */
 263:Core/Src/main.c **** 
 264:Core/Src/main.c **** /* USER CODE END 4 */
 265:Core/Src/main.c **** 
 266:Core/Src/main.c **** /**
 267:Core/Src/main.c ****   * @brief  This function is executed in case of error occurrence.
 268:Core/Src/main.c ****   * @retval None
 269:Core/Src/main.c ****   */
 270:Core/Src/main.c **** void Error_Handler(void)
 271:Core/Src/main.c **** {
 262              		.loc 1 271 1 is_stmt 1 view -0
 263              		.cfi_startproc
 264              		@ Volatile: function does not return.
 265              		@ args = 0, pretend = 0, frame = 0
 266              		@ frame_needed = 0, uses_anonymous_args = 0
 267              		@ link register save eliminated.
 272:Core/Src/main.c ****   /* USER CODE BEGIN Error_Handler_Debug */
 273:Core/Src/main.c ****   /* User can add his own implementation to report the HAL error return state */
 274:Core/Src/main.c ****   __disable_irq();
 268              		.loc 1 274 3 view .LVU85
 269              	.LBB7:
 270              	.LBI7:
 271              		.file 2 "Drivers/CMSIS/Include/cmsis_gcc.h"
   1:Drivers/CMSIS/Include/cmsis_gcc.h **** /**************************************************************************//**
   2:Drivers/CMSIS/Include/cmsis_gcc.h ****  * @file     cmsis_gcc.h
   3:Drivers/CMSIS/Include/cmsis_gcc.h ****  * @brief    CMSIS compiler GCC header file
   4:Drivers/CMSIS/Include/cmsis_gcc.h ****  * @version  V5.0.4
   5:Drivers/CMSIS/Include/cmsis_gcc.h ****  * @date     09. April 2018
   6:Drivers/CMSIS/Include/cmsis_gcc.h ****  ******************************************************************************/
   7:Drivers/CMSIS/Include/cmsis_gcc.h **** /*
   8:Drivers/CMSIS/Include/cmsis_gcc.h ****  * Copyright (c) 2009-2018 Arm Limited. All rights reserved.
   9:Drivers/CMSIS/Include/cmsis_gcc.h ****  *
  10:Drivers/CMSIS/Include/cmsis_gcc.h ****  * SPDX-License-Identifier: Apache-2.0
  11:Drivers/CMSIS/Include/cmsis_gcc.h ****  *
  12:Drivers/CMSIS/Include/cmsis_gcc.h ****  * Licensed under the Apache License, Version 2.0 (the License); you may
  13:Drivers/CMSIS/Include/cmsis_gcc.h ****  * not use this file except in compliance with the License.
  14:Drivers/CMSIS/Include/cmsis_gcc.h ****  * You may obtain a copy of the License at
  15:Drivers/CMSIS/Include/cmsis_gcc.h ****  *
  16:Drivers/CMSIS/Include/cmsis_gcc.h ****  * www.apache.org/licenses/LICENSE-2.0
  17:Drivers/CMSIS/Include/cmsis_gcc.h ****  *
  18:Drivers/CMSIS/Include/cmsis_gcc.h ****  * Unless required by applicable law or agreed to in writing, software
  19:Drivers/CMSIS/Include/cmsis_gcc.h ****  * distributed under the License is distributed on an AS IS BASIS, WITHOUT
  20:Drivers/CMSIS/Include/cmsis_gcc.h ****  * WARRANTIES OR CONDITIONS OF ANY KIND, either express or implied.
  21:Drivers/CMSIS/Include/cmsis_gcc.h ****  * See the License for the specific language governing permissions and
  22:Drivers/CMSIS/Include/cmsis_gcc.h ****  * limitations under the License.
  23:Drivers/CMSIS/Include/cmsis_gcc.h ****  */
  24:Drivers/CMSIS/Include/cmsis_gcc.h **** 
  25:Drivers/CMSIS/Include/cmsis_gcc.h **** #ifndef __CMSIS_GCC_H
  26:Drivers/CMSIS/Include/cmsis_gcc.h **** #define __CMSIS_GCC_H
  27:Drivers/CMSIS/Include/cmsis_gcc.h **** 
  28:Drivers/CMSIS/Include/cmsis_gcc.h **** /* ignore some GCC warnings */
ARM GAS  C:\Users\jc\AppData\Local\Temp\ccLvlsgb.s 			page 11


  29:Drivers/CMSIS/Include/cmsis_gcc.h **** #pragma GCC diagnostic push
  30:Drivers/CMSIS/Include/cmsis_gcc.h **** #pragma GCC diagnostic ignored "-Wsign-conversion"
  31:Drivers/CMSIS/Include/cmsis_gcc.h **** #pragma GCC diagnostic ignored "-Wconversion"
  32:Drivers/CMSIS/Include/cmsis_gcc.h **** #pragma GCC diagnostic ignored "-Wunused-parameter"
  33:Drivers/CMSIS/Include/cmsis_gcc.h **** 
  34:Drivers/CMSIS/Include/cmsis_gcc.h **** /* Fallback for __has_builtin */
  35:Drivers/CMSIS/Include/cmsis_gcc.h **** #ifndef __has_builtin
  36:Drivers/CMSIS/Include/cmsis_gcc.h ****   #define __has_builtin(x) (0)
  37:Drivers/CMSIS/Include/cmsis_gcc.h **** #endif
  38:Drivers/CMSIS/Include/cmsis_gcc.h **** 
  39:Drivers/CMSIS/Include/cmsis_gcc.h **** /* CMSIS compiler specific defines */
  40:Drivers/CMSIS/Include/cmsis_gcc.h **** #ifndef   __ASM
  41:Drivers/CMSIS/Include/cmsis_gcc.h ****   #define __ASM                                  __asm
  42:Drivers/CMSIS/Include/cmsis_gcc.h **** #endif
  43:Drivers/CMSIS/Include/cmsis_gcc.h **** #ifndef   __INLINE
  44:Drivers/CMSIS/Include/cmsis_gcc.h ****   #define __INLINE                               inline
  45:Drivers/CMSIS/Include/cmsis_gcc.h **** #endif
  46:Drivers/CMSIS/Include/cmsis_gcc.h **** #ifndef   __STATIC_INLINE
  47:Drivers/CMSIS/Include/cmsis_gcc.h ****   #define __STATIC_INLINE                        static inline
  48:Drivers/CMSIS/Include/cmsis_gcc.h **** #endif
  49:Drivers/CMSIS/Include/cmsis_gcc.h **** #ifndef   __STATIC_FORCEINLINE                 
  50:Drivers/CMSIS/Include/cmsis_gcc.h ****   #define __STATIC_FORCEINLINE                   __attribute__((always_inline)) static inline
  51:Drivers/CMSIS/Include/cmsis_gcc.h **** #endif                                           
  52:Drivers/CMSIS/Include/cmsis_gcc.h **** #ifndef   __NO_RETURN
  53:Drivers/CMSIS/Include/cmsis_gcc.h ****   #define __NO_RETURN                            __attribute__((__noreturn__))
  54:Drivers/CMSIS/Include/cmsis_gcc.h **** #endif
  55:Drivers/CMSIS/Include/cmsis_gcc.h **** #ifndef   __USED
  56:Drivers/CMSIS/Include/cmsis_gcc.h ****   #define __USED                                 __attribute__((used))
  57:Drivers/CMSIS/Include/cmsis_gcc.h **** #endif
  58:Drivers/CMSIS/Include/cmsis_gcc.h **** #ifndef   __WEAK
  59:Drivers/CMSIS/Include/cmsis_gcc.h ****   #define __WEAK                                 __attribute__((weak))
  60:Drivers/CMSIS/Include/cmsis_gcc.h **** #endif
  61:Drivers/CMSIS/Include/cmsis_gcc.h **** #ifndef   __PACKED
  62:Drivers/CMSIS/Include/cmsis_gcc.h ****   #define __PACKED                               __attribute__((packed, aligned(1)))
  63:Drivers/CMSIS/Include/cmsis_gcc.h **** #endif
  64:Drivers/CMSIS/Include/cmsis_gcc.h **** #ifndef   __PACKED_STRUCT
  65:Drivers/CMSIS/Include/cmsis_gcc.h ****   #define __PACKED_STRUCT                        struct __attribute__((packed, aligned(1)))
  66:Drivers/CMSIS/Include/cmsis_gcc.h **** #endif
  67:Drivers/CMSIS/Include/cmsis_gcc.h **** #ifndef   __PACKED_UNION
  68:Drivers/CMSIS/Include/cmsis_gcc.h ****   #define __PACKED_UNION                         union __attribute__((packed, aligned(1)))
  69:Drivers/CMSIS/Include/cmsis_gcc.h **** #endif
  70:Drivers/CMSIS/Include/cmsis_gcc.h **** #ifndef   __UNALIGNED_UINT32        /* deprecated */
  71:Drivers/CMSIS/Include/cmsis_gcc.h ****   #pragma GCC diagnostic push
  72:Drivers/CMSIS/Include/cmsis_gcc.h ****   #pragma GCC diagnostic ignored "-Wpacked"
  73:Drivers/CMSIS/Include/cmsis_gcc.h ****   #pragma GCC diagnostic ignored "-Wattributes"
  74:Drivers/CMSIS/Include/cmsis_gcc.h ****   struct __attribute__((packed)) T_UINT32 { uint32_t v; };
  75:Drivers/CMSIS/Include/cmsis_gcc.h ****   #pragma GCC diagnostic pop
  76:Drivers/CMSIS/Include/cmsis_gcc.h ****   #define __UNALIGNED_UINT32(x)                  (((struct T_UINT32 *)(x))->v)
  77:Drivers/CMSIS/Include/cmsis_gcc.h **** #endif
  78:Drivers/CMSIS/Include/cmsis_gcc.h **** #ifndef   __UNALIGNED_UINT16_WRITE
  79:Drivers/CMSIS/Include/cmsis_gcc.h ****   #pragma GCC diagnostic push
  80:Drivers/CMSIS/Include/cmsis_gcc.h ****   #pragma GCC diagnostic ignored "-Wpacked"
  81:Drivers/CMSIS/Include/cmsis_gcc.h ****   #pragma GCC diagnostic ignored "-Wattributes"
  82:Drivers/CMSIS/Include/cmsis_gcc.h ****   __PACKED_STRUCT T_UINT16_WRITE { uint16_t v; };
  83:Drivers/CMSIS/Include/cmsis_gcc.h ****   #pragma GCC diagnostic pop
  84:Drivers/CMSIS/Include/cmsis_gcc.h ****   #define __UNALIGNED_UINT16_WRITE(addr, val)    (void)((((struct T_UINT16_WRITE *)(void *)(addr))-
  85:Drivers/CMSIS/Include/cmsis_gcc.h **** #endif
ARM GAS  C:\Users\jc\AppData\Local\Temp\ccLvlsgb.s 			page 12


  86:Drivers/CMSIS/Include/cmsis_gcc.h **** #ifndef   __UNALIGNED_UINT16_READ
  87:Drivers/CMSIS/Include/cmsis_gcc.h ****   #pragma GCC diagnostic push
  88:Drivers/CMSIS/Include/cmsis_gcc.h ****   #pragma GCC diagnostic ignored "-Wpacked"
  89:Drivers/CMSIS/Include/cmsis_gcc.h ****   #pragma GCC diagnostic ignored "-Wattributes"
  90:Drivers/CMSIS/Include/cmsis_gcc.h ****   __PACKED_STRUCT T_UINT16_READ { uint16_t v; };
  91:Drivers/CMSIS/Include/cmsis_gcc.h ****   #pragma GCC diagnostic pop
  92:Drivers/CMSIS/Include/cmsis_gcc.h ****   #define __UNALIGNED_UINT16_READ(addr)          (((const struct T_UINT16_READ *)(const void *)(add
  93:Drivers/CMSIS/Include/cmsis_gcc.h **** #endif
  94:Drivers/CMSIS/Include/cmsis_gcc.h **** #ifndef   __UNALIGNED_UINT32_WRITE
  95:Drivers/CMSIS/Include/cmsis_gcc.h ****   #pragma GCC diagnostic push
  96:Drivers/CMSIS/Include/cmsis_gcc.h ****   #pragma GCC diagnostic ignored "-Wpacked"
  97:Drivers/CMSIS/Include/cmsis_gcc.h ****   #pragma GCC diagnostic ignored "-Wattributes"
  98:Drivers/CMSIS/Include/cmsis_gcc.h ****   __PACKED_STRUCT T_UINT32_WRITE { uint32_t v; };
  99:Drivers/CMSIS/Include/cmsis_gcc.h ****   #pragma GCC diagnostic pop
 100:Drivers/CMSIS/Include/cmsis_gcc.h ****   #define __UNALIGNED_UINT32_WRITE(addr, val)    (void)((((struct T_UINT32_WRITE *)(void *)(addr))-
 101:Drivers/CMSIS/Include/cmsis_gcc.h **** #endif
 102:Drivers/CMSIS/Include/cmsis_gcc.h **** #ifndef   __UNALIGNED_UINT32_READ
 103:Drivers/CMSIS/Include/cmsis_gcc.h ****   #pragma GCC diagnostic push
 104:Drivers/CMSIS/Include/cmsis_gcc.h ****   #pragma GCC diagnostic ignored "-Wpacked"
 105:Drivers/CMSIS/Include/cmsis_gcc.h ****   #pragma GCC diagnostic ignored "-Wattributes"
 106:Drivers/CMSIS/Include/cmsis_gcc.h ****   __PACKED_STRUCT T_UINT32_READ { uint32_t v; };
 107:Drivers/CMSIS/Include/cmsis_gcc.h ****   #pragma GCC diagnostic pop
 108:Drivers/CMSIS/Include/cmsis_gcc.h ****   #define __UNALIGNED_UINT32_READ(addr)          (((const struct T_UINT32_READ *)(const void *)(add
 109:Drivers/CMSIS/Include/cmsis_gcc.h **** #endif
 110:Drivers/CMSIS/Include/cmsis_gcc.h **** #ifndef   __ALIGNED
 111:Drivers/CMSIS/Include/cmsis_gcc.h ****   #define __ALIGNED(x)                           __attribute__((aligned(x)))
 112:Drivers/CMSIS/Include/cmsis_gcc.h **** #endif
 113:Drivers/CMSIS/Include/cmsis_gcc.h **** #ifndef   __RESTRICT
 114:Drivers/CMSIS/Include/cmsis_gcc.h ****   #define __RESTRICT                             __restrict
 115:Drivers/CMSIS/Include/cmsis_gcc.h **** #endif
 116:Drivers/CMSIS/Include/cmsis_gcc.h **** 
 117:Drivers/CMSIS/Include/cmsis_gcc.h **** 
 118:Drivers/CMSIS/Include/cmsis_gcc.h **** /* ###########################  Core Function Access  ########################### */
 119:Drivers/CMSIS/Include/cmsis_gcc.h **** /** \ingroup  CMSIS_Core_FunctionInterface
 120:Drivers/CMSIS/Include/cmsis_gcc.h ****     \defgroup CMSIS_Core_RegAccFunctions CMSIS Core Register Access Functions
 121:Drivers/CMSIS/Include/cmsis_gcc.h ****   @{
 122:Drivers/CMSIS/Include/cmsis_gcc.h ****  */
 123:Drivers/CMSIS/Include/cmsis_gcc.h **** 
 124:Drivers/CMSIS/Include/cmsis_gcc.h **** /**
 125:Drivers/CMSIS/Include/cmsis_gcc.h ****   \brief   Enable IRQ Interrupts
 126:Drivers/CMSIS/Include/cmsis_gcc.h ****   \details Enables IRQ interrupts by clearing the I-bit in the CPSR.
 127:Drivers/CMSIS/Include/cmsis_gcc.h ****            Can only be executed in Privileged modes.
 128:Drivers/CMSIS/Include/cmsis_gcc.h ****  */
 129:Drivers/CMSIS/Include/cmsis_gcc.h **** __STATIC_FORCEINLINE void __enable_irq(void)
 130:Drivers/CMSIS/Include/cmsis_gcc.h **** {
 131:Drivers/CMSIS/Include/cmsis_gcc.h ****   __ASM volatile ("cpsie i" : : : "memory");
 132:Drivers/CMSIS/Include/cmsis_gcc.h **** }
 133:Drivers/CMSIS/Include/cmsis_gcc.h **** 
 134:Drivers/CMSIS/Include/cmsis_gcc.h **** 
 135:Drivers/CMSIS/Include/cmsis_gcc.h **** /**
 136:Drivers/CMSIS/Include/cmsis_gcc.h ****   \brief   Disable IRQ Interrupts
 137:Drivers/CMSIS/Include/cmsis_gcc.h ****   \details Disables IRQ interrupts by setting the I-bit in the CPSR.
 138:Drivers/CMSIS/Include/cmsis_gcc.h ****            Can only be executed in Privileged modes.
 139:Drivers/CMSIS/Include/cmsis_gcc.h ****  */
 140:Drivers/CMSIS/Include/cmsis_gcc.h **** __STATIC_FORCEINLINE void __disable_irq(void)
 272              		.loc 2 140 27 view .LVU86
 273              	.LBB8:
ARM GAS  C:\Users\jc\AppData\Local\Temp\ccLvlsgb.s 			page 13


 141:Drivers/CMSIS/Include/cmsis_gcc.h **** {
 142:Drivers/CMSIS/Include/cmsis_gcc.h ****   __ASM volatile ("cpsid i" : : : "memory");
 274              		.loc 2 142 3 view .LVU87
 275              		.syntax unified
 276              	@ 142 "Drivers/CMSIS/Include/cmsis_gcc.h" 1
 277 0000 72B6     		cpsid i
 278              	@ 0 "" 2
 279              		.thumb
 280              		.syntax unified
 281              	.L6:
 282              	.LBE8:
 283              	.LBE7:
 275:Core/Src/main.c ****   while (1)
 284              		.loc 1 275 3 view .LVU88
 276:Core/Src/main.c ****   {
 277:Core/Src/main.c ****   }
 285              		.loc 1 277 3 view .LVU89
 275:Core/Src/main.c ****   while (1)
 286              		.loc 1 275 9 view .LVU90
 287 0002 FEE7     		b	.L6
 288              		.cfi_endproc
 289              	.LFE69:
 291              		.section	.text.MX_USB_PCD_Init,"ax",%progbits
 292              		.align	1
 293              		.syntax unified
 294              		.thumb
 295              		.thumb_func
 297              	MX_USB_PCD_Init:
 298              	.LFB67:
 159:Core/Src/main.c **** 
 299              		.loc 1 159 1 view -0
 300              		.cfi_startproc
 301              		@ args = 0, pretend = 0, frame = 0
 302              		@ frame_needed = 0, uses_anonymous_args = 0
 303 0000 08B5     		push	{r3, lr}
 304              		.cfi_def_cfa_offset 8
 305              		.cfi_offset 3, -8
 306              		.cfi_offset 14, -4
 168:Core/Src/main.c ****   hpcd_USB_FS.Init.dev_endpoints = 8;
 307              		.loc 1 168 3 view .LVU92
 168:Core/Src/main.c ****   hpcd_USB_FS.Init.dev_endpoints = 8;
 308              		.loc 1 168 24 is_stmt 0 view .LVU93
 309 0002 0848     		ldr	r0, .L11
 310 0004 084B     		ldr	r3, .L11+4
 311 0006 0360     		str	r3, [r0]
 169:Core/Src/main.c ****   hpcd_USB_FS.Init.speed = PCD_SPEED_FULL;
 312              		.loc 1 169 3 is_stmt 1 view .LVU94
 169:Core/Src/main.c ****   hpcd_USB_FS.Init.speed = PCD_SPEED_FULL;
 313              		.loc 1 169 34 is_stmt 0 view .LVU95
 314 0008 0823     		movs	r3, #8
 315 000a 0371     		strb	r3, [r0, #4]
 170:Core/Src/main.c ****   hpcd_USB_FS.Init.low_power_enable = DISABLE;
 316              		.loc 1 170 3 is_stmt 1 view .LVU96
 170:Core/Src/main.c ****   hpcd_USB_FS.Init.low_power_enable = DISABLE;
 317              		.loc 1 170 26 is_stmt 0 view .LVU97
 318 000c 0223     		movs	r3, #2
 319 000e 8371     		strb	r3, [r0, #6]
ARM GAS  C:\Users\jc\AppData\Local\Temp\ccLvlsgb.s 			page 14


 171:Core/Src/main.c ****   hpcd_USB_FS.Init.lpm_enable = DISABLE;
 320              		.loc 1 171 3 is_stmt 1 view .LVU98
 171:Core/Src/main.c ****   hpcd_USB_FS.Init.lpm_enable = DISABLE;
 321              		.loc 1 171 37 is_stmt 0 view .LVU99
 322 0010 0023     		movs	r3, #0
 323 0012 8372     		strb	r3, [r0, #10]
 172:Core/Src/main.c ****   hpcd_USB_FS.Init.battery_charging_enable = DISABLE;
 324              		.loc 1 172 3 is_stmt 1 view .LVU100
 172:Core/Src/main.c ****   hpcd_USB_FS.Init.battery_charging_enable = DISABLE;
 325              		.loc 1 172 31 is_stmt 0 view .LVU101
 326 0014 C372     		strb	r3, [r0, #11]
 173:Core/Src/main.c ****   if (HAL_PCD_Init(&hpcd_USB_FS) != HAL_OK)
 327              		.loc 1 173 3 is_stmt 1 view .LVU102
 173:Core/Src/main.c ****   if (HAL_PCD_Init(&hpcd_USB_FS) != HAL_OK)
 328              		.loc 1 173 44 is_stmt 0 view .LVU103
 329 0016 0373     		strb	r3, [r0, #12]
 174:Core/Src/main.c ****   {
 330              		.loc 1 174 3 is_stmt 1 view .LVU104
 174:Core/Src/main.c ****   {
 331              		.loc 1 174 7 is_stmt 0 view .LVU105
 332 0018 FFF7FEFF 		bl	HAL_PCD_Init
 333              	.LVL10:
 174:Core/Src/main.c ****   {
 334              		.loc 1 174 6 discriminator 1 view .LVU106
 335 001c 00B9     		cbnz	r0, .L10
 182:Core/Src/main.c **** 
 336              		.loc 1 182 1 view .LVU107
 337 001e 08BD     		pop	{r3, pc}
 338              	.L10:
 176:Core/Src/main.c ****   }
 339              		.loc 1 176 5 is_stmt 1 view .LVU108
 340 0020 FFF7FEFF 		bl	Error_Handler
 341              	.LVL11:
 342              	.L12:
 343              		.align	2
 344              	.L11:
 345 0024 00000000 		.word	hpcd_USB_FS
 346 0028 005C0040 		.word	1073765376
 347              		.cfi_endproc
 348              	.LFE67:
 350              		.section	.text.SystemClock_Config,"ax",%progbits
 351              		.align	1
 352              		.global	SystemClock_Config
 353              		.syntax unified
 354              		.thumb
 355              		.thumb_func
 357              	SystemClock_Config:
 358              	.LFB66:
 112:Core/Src/main.c ****   RCC_OscInitTypeDef RCC_OscInitStruct = {0};
 359              		.loc 1 112 1 view -0
 360              		.cfi_startproc
 361              		@ args = 0, pretend = 0, frame = 80
 362              		@ frame_needed = 0, uses_anonymous_args = 0
 363 0000 10B5     		push	{r4, lr}
 364              		.cfi_def_cfa_offset 8
 365              		.cfi_offset 4, -8
 366              		.cfi_offset 14, -4
ARM GAS  C:\Users\jc\AppData\Local\Temp\ccLvlsgb.s 			page 15


 367 0002 94B0     		sub	sp, sp, #80
 368              		.cfi_def_cfa_offset 88
 113:Core/Src/main.c ****   RCC_ClkInitTypeDef RCC_ClkInitStruct = {0};
 369              		.loc 1 113 3 view .LVU110
 113:Core/Src/main.c ****   RCC_ClkInitTypeDef RCC_ClkInitStruct = {0};
 370              		.loc 1 113 22 is_stmt 0 view .LVU111
 371 0004 0AAC     		add	r4, sp, #40
 372 0006 2822     		movs	r2, #40
 373 0008 0021     		movs	r1, #0
 374 000a 2046     		mov	r0, r4
 375 000c FFF7FEFF 		bl	memset
 376              	.LVL12:
 114:Core/Src/main.c ****   RCC_PeriphCLKInitTypeDef PeriphClkInit = {0};
 377              		.loc 1 114 3 is_stmt 1 view .LVU112
 114:Core/Src/main.c ****   RCC_PeriphCLKInitTypeDef PeriphClkInit = {0};
 378              		.loc 1 114 22 is_stmt 0 view .LVU113
 379 0010 0023     		movs	r3, #0
 380 0012 0593     		str	r3, [sp, #20]
 381 0014 0693     		str	r3, [sp, #24]
 382 0016 0793     		str	r3, [sp, #28]
 383 0018 0893     		str	r3, [sp, #32]
 384 001a 0993     		str	r3, [sp, #36]
 115:Core/Src/main.c **** 
 385              		.loc 1 115 3 is_stmt 1 view .LVU114
 115:Core/Src/main.c **** 
 386              		.loc 1 115 28 is_stmt 0 view .LVU115
 387 001c 0193     		str	r3, [sp, #4]
 388 001e 0293     		str	r3, [sp, #8]
 389 0020 0393     		str	r3, [sp, #12]
 390 0022 0493     		str	r3, [sp, #16]
 120:Core/Src/main.c ****   RCC_OscInitStruct.HSEState = RCC_HSE_ON;
 391              		.loc 1 120 3 is_stmt 1 view .LVU116
 120:Core/Src/main.c ****   RCC_OscInitStruct.HSEState = RCC_HSE_ON;
 392              		.loc 1 120 36 is_stmt 0 view .LVU117
 393 0024 0122     		movs	r2, #1
 394 0026 0A92     		str	r2, [sp, #40]
 121:Core/Src/main.c ****   RCC_OscInitStruct.HSEPredivValue = RCC_HSE_PREDIV_DIV1;
 395              		.loc 1 121 3 is_stmt 1 view .LVU118
 121:Core/Src/main.c ****   RCC_OscInitStruct.HSEPredivValue = RCC_HSE_PREDIV_DIV1;
 396              		.loc 1 121 30 is_stmt 0 view .LVU119
 397 0028 4FF48033 		mov	r3, #65536
 398 002c 0B93     		str	r3, [sp, #44]
 122:Core/Src/main.c ****   RCC_OscInitStruct.HSIState = RCC_HSI_ON;
 399              		.loc 1 122 3 is_stmt 1 view .LVU120
 123:Core/Src/main.c ****   RCC_OscInitStruct.PLL.PLLState = RCC_PLL_ON;
 400              		.loc 1 123 3 view .LVU121
 123:Core/Src/main.c ****   RCC_OscInitStruct.PLL.PLLState = RCC_PLL_ON;
 401              		.loc 1 123 30 is_stmt 0 view .LVU122
 402 002e 0E92     		str	r2, [sp, #56]
 124:Core/Src/main.c ****   RCC_OscInitStruct.PLL.PLLSource = RCC_PLLSOURCE_HSE;
 403              		.loc 1 124 3 is_stmt 1 view .LVU123
 124:Core/Src/main.c ****   RCC_OscInitStruct.PLL.PLLSource = RCC_PLLSOURCE_HSE;
 404              		.loc 1 124 34 is_stmt 0 view .LVU124
 405 0030 0222     		movs	r2, #2
 406 0032 1192     		str	r2, [sp, #68]
 125:Core/Src/main.c ****   RCC_OscInitStruct.PLL.PLLMUL = RCC_PLL_MUL6;
 407              		.loc 1 125 3 is_stmt 1 view .LVU125
ARM GAS  C:\Users\jc\AppData\Local\Temp\ccLvlsgb.s 			page 16


 125:Core/Src/main.c ****   RCC_OscInitStruct.PLL.PLLMUL = RCC_PLL_MUL6;
 408              		.loc 1 125 35 is_stmt 0 view .LVU126
 409 0034 1293     		str	r3, [sp, #72]
 126:Core/Src/main.c ****   if (HAL_RCC_OscConfig(&RCC_OscInitStruct) != HAL_OK)
 410              		.loc 1 126 3 is_stmt 1 view .LVU127
 126:Core/Src/main.c ****   if (HAL_RCC_OscConfig(&RCC_OscInitStruct) != HAL_OK)
 411              		.loc 1 126 32 is_stmt 0 view .LVU128
 412 0036 4FF48013 		mov	r3, #1048576
 413 003a 1393     		str	r3, [sp, #76]
 127:Core/Src/main.c ****   {
 414              		.loc 1 127 3 is_stmt 1 view .LVU129
 127:Core/Src/main.c ****   {
 415              		.loc 1 127 7 is_stmt 0 view .LVU130
 416 003c 2046     		mov	r0, r4
 417 003e FFF7FEFF 		bl	HAL_RCC_OscConfig
 418              	.LVL13:
 127:Core/Src/main.c ****   {
 419              		.loc 1 127 6 discriminator 1 view .LVU131
 420 0042 C8B9     		cbnz	r0, .L18
 134:Core/Src/main.c ****                               |RCC_CLOCKTYPE_PCLK1|RCC_CLOCKTYPE_PCLK2;
 421              		.loc 1 134 3 is_stmt 1 view .LVU132
 134:Core/Src/main.c ****                               |RCC_CLOCKTYPE_PCLK1|RCC_CLOCKTYPE_PCLK2;
 422              		.loc 1 134 31 is_stmt 0 view .LVU133
 423 0044 0F23     		movs	r3, #15
 424 0046 0593     		str	r3, [sp, #20]
 136:Core/Src/main.c ****   RCC_ClkInitStruct.AHBCLKDivider = RCC_SYSCLK_DIV1;
 425              		.loc 1 136 3 is_stmt 1 view .LVU134
 136:Core/Src/main.c ****   RCC_ClkInitStruct.AHBCLKDivider = RCC_SYSCLK_DIV1;
 426              		.loc 1 136 34 is_stmt 0 view .LVU135
 427 0048 0223     		movs	r3, #2
 428 004a 0693     		str	r3, [sp, #24]
 137:Core/Src/main.c ****   RCC_ClkInitStruct.APB1CLKDivider = RCC_HCLK_DIV2;
 429              		.loc 1 137 3 is_stmt 1 view .LVU136
 137:Core/Src/main.c ****   RCC_ClkInitStruct.APB1CLKDivider = RCC_HCLK_DIV2;
 430              		.loc 1 137 35 is_stmt 0 view .LVU137
 431 004c 0023     		movs	r3, #0
 432 004e 0793     		str	r3, [sp, #28]
 138:Core/Src/main.c ****   RCC_ClkInitStruct.APB2CLKDivider = RCC_HCLK_DIV1;
 433              		.loc 1 138 3 is_stmt 1 view .LVU138
 138:Core/Src/main.c ****   RCC_ClkInitStruct.APB2CLKDivider = RCC_HCLK_DIV1;
 434              		.loc 1 138 36 is_stmt 0 view .LVU139
 435 0050 4FF48062 		mov	r2, #1024
 436 0054 0892     		str	r2, [sp, #32]
 139:Core/Src/main.c **** 
 437              		.loc 1 139 3 is_stmt 1 view .LVU140
 139:Core/Src/main.c **** 
 438              		.loc 1 139 36 is_stmt 0 view .LVU141
 439 0056 0993     		str	r3, [sp, #36]
 141:Core/Src/main.c ****   {
 440              		.loc 1 141 3 is_stmt 1 view .LVU142
 141:Core/Src/main.c ****   {
 441              		.loc 1 141 7 is_stmt 0 view .LVU143
 442 0058 0121     		movs	r1, #1
 443 005a 05A8     		add	r0, sp, #20
 444 005c FFF7FEFF 		bl	HAL_RCC_ClockConfig
 445              	.LVL14:
 141:Core/Src/main.c ****   {
ARM GAS  C:\Users\jc\AppData\Local\Temp\ccLvlsgb.s 			page 17


 446              		.loc 1 141 6 discriminator 1 view .LVU144
 447 0060 60B9     		cbnz	r0, .L19
 145:Core/Src/main.c ****   PeriphClkInit.UsbClockSelection = RCC_USBCLKSOURCE_PLL;
 448              		.loc 1 145 3 is_stmt 1 view .LVU145
 145:Core/Src/main.c ****   PeriphClkInit.UsbClockSelection = RCC_USBCLKSOURCE_PLL;
 449              		.loc 1 145 38 is_stmt 0 view .LVU146
 450 0062 1023     		movs	r3, #16
 451 0064 0193     		str	r3, [sp, #4]
 146:Core/Src/main.c ****   if (HAL_RCCEx_PeriphCLKConfig(&PeriphClkInit) != HAL_OK)
 452              		.loc 1 146 3 is_stmt 1 view .LVU147
 146:Core/Src/main.c ****   if (HAL_RCCEx_PeriphCLKConfig(&PeriphClkInit) != HAL_OK)
 453              		.loc 1 146 35 is_stmt 0 view .LVU148
 454 0066 4FF48003 		mov	r3, #4194304
 455 006a 0493     		str	r3, [sp, #16]
 147:Core/Src/main.c ****   {
 456              		.loc 1 147 3 is_stmt 1 view .LVU149
 147:Core/Src/main.c ****   {
 457              		.loc 1 147 7 is_stmt 0 view .LVU150
 458 006c 01A8     		add	r0, sp, #4
 459 006e FFF7FEFF 		bl	HAL_RCCEx_PeriphCLKConfig
 460              	.LVL15:
 147:Core/Src/main.c ****   {
 461              		.loc 1 147 6 discriminator 1 view .LVU151
 462 0072 28B9     		cbnz	r0, .L20
 151:Core/Src/main.c **** 
 463              		.loc 1 151 1 view .LVU152
 464 0074 14B0     		add	sp, sp, #80
 465              		.cfi_remember_state
 466              		.cfi_def_cfa_offset 8
 467              		@ sp needed
 468 0076 10BD     		pop	{r4, pc}
 469              	.L18:
 470              		.cfi_restore_state
 129:Core/Src/main.c ****   }
 471              		.loc 1 129 5 is_stmt 1 view .LVU153
 472 0078 FFF7FEFF 		bl	Error_Handler
 473              	.LVL16:
 474              	.L19:
 143:Core/Src/main.c ****   }
 475              		.loc 1 143 5 view .LVU154
 476 007c FFF7FEFF 		bl	Error_Handler
 477              	.LVL17:
 478              	.L20:
 149:Core/Src/main.c ****   }
 479              		.loc 1 149 5 view .LVU155
 480 0080 FFF7FEFF 		bl	Error_Handler
 481              	.LVL18:
 482              		.cfi_endproc
 483              	.LFE66:
 485              		.section	.text.main,"ax",%progbits
 486              		.align	1
 487              		.global	main
 488              		.syntax unified
 489              		.thumb
 490              		.thumb_func
 492              	main:
 493              	.LFB65:
ARM GAS  C:\Users\jc\AppData\Local\Temp\ccLvlsgb.s 			page 18


  67:Core/Src/main.c **** 
 494              		.loc 1 67 1 view -0
 495              		.cfi_startproc
 496              		@ Volatile: function does not return.
 497              		@ args = 0, pretend = 0, frame = 0
 498              		@ frame_needed = 0, uses_anonymous_args = 0
 499 0000 08B5     		push	{r3, lr}
 500              		.cfi_def_cfa_offset 8
 501              		.cfi_offset 3, -8
 502              		.cfi_offset 14, -4
  76:Core/Src/main.c **** 
 503              		.loc 1 76 3 view .LVU157
 504 0002 FFF7FEFF 		bl	HAL_Init
 505              	.LVL19:
  83:Core/Src/main.c **** 
 506              		.loc 1 83 3 view .LVU158
 507 0006 FFF7FEFF 		bl	SystemClock_Config
 508              	.LVL20:
  90:Core/Src/main.c ****   MX_USB_PCD_Init();
 509              		.loc 1 90 3 view .LVU159
 510 000a FFF7FEFF 		bl	MX_GPIO_Init
 511              	.LVL21:
  91:Core/Src/main.c ****   /* USER CODE BEGIN 2 */
 512              		.loc 1 91 3 view .LVU160
 513 000e FFF7FEFF 		bl	MX_USB_PCD_Init
 514              	.LVL22:
 515              	.L22:
  98:Core/Src/main.c ****   {
 516              		.loc 1 98 3 view .LVU161
 103:Core/Src/main.c ****   /* USER CODE END 3 */
 517              		.loc 1 103 3 view .LVU162
  98:Core/Src/main.c ****   {
 518              		.loc 1 98 9 view .LVU163
 519 0012 FEE7     		b	.L22
 520              		.cfi_endproc
 521              	.LFE65:
 523              		.global	hpcd_USB_FS
 524              		.section	.bss.hpcd_USB_FS,"aw",%nobits
 525              		.align	2
 528              	hpcd_USB_FS:
 529 0000 00000000 		.space	728
 529      00000000 
 529      00000000 
 529      00000000 
 529      00000000 
 530              		.text
 531              	.Letext0:
 532              		.file 3 "C:/Users/jc/AppData/Roaming/Code/User/globalStorage/bmd.stm32-for-vscode/@xpack-dev-tools
 533              		.file 4 "C:/Users/jc/AppData/Roaming/Code/User/globalStorage/bmd.stm32-for-vscode/@xpack-dev-tools
 534              		.file 5 "Drivers/CMSIS/Device/ST/STM32F1xx/Include/stm32f103xb.h"
 535              		.file 6 "Drivers/CMSIS/Device/ST/STM32F1xx/Include/stm32f1xx.h"
 536              		.file 7 "Drivers/STM32F1xx_HAL_Driver/Inc/stm32f1xx_hal_def.h"
 537              		.file 8 "Drivers/STM32F1xx_HAL_Driver/Inc/stm32f1xx_hal_rcc.h"
 538              		.file 9 "Drivers/STM32F1xx_HAL_Driver/Inc/stm32f1xx_hal_rcc_ex.h"
 539              		.file 10 "Drivers/STM32F1xx_HAL_Driver/Inc/stm32f1xx_hal_gpio.h"
 540              		.file 11 "Drivers/STM32F1xx_HAL_Driver/Inc/stm32f1xx_ll_usb.h"
 541              		.file 12 "Drivers/STM32F1xx_HAL_Driver/Inc/stm32f1xx_hal_pcd.h"
ARM GAS  C:\Users\jc\AppData\Local\Temp\ccLvlsgb.s 			page 19


 542              		.file 13 "Drivers/STM32F1xx_HAL_Driver/Inc/stm32f1xx_hal.h"
 543              		.file 14 "<built-in>"
ARM GAS  C:\Users\jc\AppData\Local\Temp\ccLvlsgb.s 			page 20


DEFINED SYMBOLS
                            *ABS*:00000000 main.c
C:\Users\jc\AppData\Local\Temp\ccLvlsgb.s:19     .text.MX_GPIO_Init:00000000 $t
C:\Users\jc\AppData\Local\Temp\ccLvlsgb.s:24     .text.MX_GPIO_Init:00000000 MX_GPIO_Init
C:\Users\jc\AppData\Local\Temp\ccLvlsgb.s:247    .text.MX_GPIO_Init:0000010c $d
C:\Users\jc\AppData\Local\Temp\ccLvlsgb.s:254    .text.Error_Handler:00000000 $t
C:\Users\jc\AppData\Local\Temp\ccLvlsgb.s:260    .text.Error_Handler:00000000 Error_Handler
C:\Users\jc\AppData\Local\Temp\ccLvlsgb.s:292    .text.MX_USB_PCD_Init:00000000 $t
C:\Users\jc\AppData\Local\Temp\ccLvlsgb.s:297    .text.MX_USB_PCD_Init:00000000 MX_USB_PCD_Init
C:\Users\jc\AppData\Local\Temp\ccLvlsgb.s:345    .text.MX_USB_PCD_Init:00000024 $d
C:\Users\jc\AppData\Local\Temp\ccLvlsgb.s:528    .bss.hpcd_USB_FS:00000000 hpcd_USB_FS
C:\Users\jc\AppData\Local\Temp\ccLvlsgb.s:351    .text.SystemClock_Config:00000000 $t
C:\Users\jc\AppData\Local\Temp\ccLvlsgb.s:357    .text.SystemClock_Config:00000000 SystemClock_Config
C:\Users\jc\AppData\Local\Temp\ccLvlsgb.s:486    .text.main:00000000 $t
C:\Users\jc\AppData\Local\Temp\ccLvlsgb.s:492    .text.main:00000000 main
C:\Users\jc\AppData\Local\Temp\ccLvlsgb.s:525    .bss.hpcd_USB_FS:00000000 $d

UNDEFINED SYMBOLS
HAL_GPIO_WritePin
HAL_GPIO_Init
HAL_PCD_Init
memset
HAL_RCC_OscConfig
HAL_RCC_ClockConfig
HAL_RCCEx_PeriphCLKConfig
HAL_Init
